Archive member included to satisfy reference by file (symbol)

C:/ST/STM32CubeIDE_1.11.0/STM32CubeIDE/plugins/com.st.stm32cube.ide.mcu.externaltools.gnu-tools-for-stm32.11.3.rel1.win32_1.1.100.202309141235/tools/bin/../lib/gcc/arm-none-eabi/11.3.1/../../../../arm-none-eabi/lib/thumb/v7e-m+fp/hard\libc_nano.a(libc_a-exit.o)
                              C:/ST/STM32CubeIDE_1.11.0/STM32CubeIDE/plugins/com.st.stm32cube.ide.mcu.externaltools.gnu-tools-for-stm32.11.3.rel1.win32_1.1.100.202309141235/tools/bin/../lib/gcc/arm-none-eabi/11.3.1/../../../../arm-none-eabi/lib/thumb/v7e-m+fp/hard/crt0.o (exit)
C:/ST/STM32CubeIDE_1.11.0/STM32CubeIDE/plugins/com.st.stm32cube.ide.mcu.externaltools.gnu-tools-for-stm32.11.3.rel1.win32_1.1.100.202309141235/tools/bin/../lib/gcc/arm-none-eabi/11.3.1/../../../../arm-none-eabi/lib/thumb/v7e-m+fp/hard\libc_nano.a(libc_a-findfp.o)
                              C:/ST/STM32CubeIDE_1.11.0/STM32CubeIDE/plugins/com.st.stm32cube.ide.mcu.externaltools.gnu-tools-for-stm32.11.3.rel1.win32_1.1.100.202309141235/tools/bin/../lib/gcc/arm-none-eabi/11.3.1/../../../../arm-none-eabi/lib/thumb/v7e-m+fp/hard\libc_nano.a(libc_a-exit.o) (__stdio_exit_handler)
C:/ST/STM32CubeIDE_1.11.0/STM32CubeIDE/plugins/com.st.stm32cube.ide.mcu.externaltools.gnu-tools-for-stm32.11.3.rel1.win32_1.1.100.202309141235/tools/bin/../lib/gcc/arm-none-eabi/11.3.1/../../../../arm-none-eabi/lib/thumb/v7e-m+fp/hard\libc_nano.a(libc_a-fwalk.o)
                              C:/ST/STM32CubeIDE_1.11.0/STM32CubeIDE/plugins/com.st.stm32cube.ide.mcu.externaltools.gnu-tools-for-stm32.11.3.rel1.win32_1.1.100.202309141235/tools/bin/../lib/gcc/arm-none-eabi/11.3.1/../../../../arm-none-eabi/lib/thumb/v7e-m+fp/hard\libc_nano.a(libc_a-findfp.o) (_fwalk_sglue)
C:/ST/STM32CubeIDE_1.11.0/STM32CubeIDE/plugins/com.st.stm32cube.ide.mcu.externaltools.gnu-tools-for-stm32.11.3.rel1.win32_1.1.100.202309141235/tools/bin/../lib/gcc/arm-none-eabi/11.3.1/../../../../arm-none-eabi/lib/thumb/v7e-m+fp/hard\libc_nano.a(libc_a-printf.o)
                              ./Core/Src/Gestion.o (printf)
C:/ST/STM32CubeIDE_1.11.0/STM32CubeIDE/plugins/com.st.stm32cube.ide.mcu.externaltools.gnu-tools-for-stm32.11.3.rel1.win32_1.1.100.202309141235/tools/bin/../lib/gcc/arm-none-eabi/11.3.1/../../../../arm-none-eabi/lib/thumb/v7e-m+fp/hard\libc_nano.a(libc_a-puts.o)
                              ./Core/Src/Gestion.o (puts)
C:/ST/STM32CubeIDE_1.11.0/STM32CubeIDE/plugins/com.st.stm32cube.ide.mcu.externaltools.gnu-tools-for-stm32.11.3.rel1.win32_1.1.100.202309141235/tools/bin/../lib/gcc/arm-none-eabi/11.3.1/../../../../arm-none-eabi/lib/thumb/v7e-m+fp/hard\libc_nano.a(libc_a-stdio.o)
                              C:/ST/STM32CubeIDE_1.11.0/STM32CubeIDE/plugins/com.st.stm32cube.ide.mcu.externaltools.gnu-tools-for-stm32.11.3.rel1.win32_1.1.100.202309141235/tools/bin/../lib/gcc/arm-none-eabi/11.3.1/../../../../arm-none-eabi/lib/thumb/v7e-m+fp/hard\libc_nano.a(libc_a-findfp.o) (__sread)
C:/ST/STM32CubeIDE_1.11.0/STM32CubeIDE/plugins/com.st.stm32cube.ide.mcu.externaltools.gnu-tools-for-stm32.11.3.rel1.win32_1.1.100.202309141235/tools/bin/../lib/gcc/arm-none-eabi/11.3.1/../../../../arm-none-eabi/lib/thumb/v7e-m+fp/hard\libc_nano.a(libc_a-wbuf.o)
                              C:/ST/STM32CubeIDE_1.11.0/STM32CubeIDE/plugins/com.st.stm32cube.ide.mcu.externaltools.gnu-tools-for-stm32.11.3.rel1.win32_1.1.100.202309141235/tools/bin/../lib/gcc/arm-none-eabi/11.3.1/../../../../arm-none-eabi/lib/thumb/v7e-m+fp/hard\libc_nano.a(libc_a-puts.o) (__swbuf_r)
C:/ST/STM32CubeIDE_1.11.0/STM32CubeIDE/plugins/com.st.stm32cube.ide.mcu.externaltools.gnu-tools-for-stm32.11.3.rel1.win32_1.1.100.202309141235/tools/bin/../lib/gcc/arm-none-eabi/11.3.1/../../../../arm-none-eabi/lib/thumb/v7e-m+fp/hard\libc_nano.a(libc_a-wsetup.o)
                              C:/ST/STM32CubeIDE_1.11.0/STM32CubeIDE/plugins/com.st.stm32cube.ide.mcu.externaltools.gnu-tools-for-stm32.11.3.rel1.win32_1.1.100.202309141235/tools/bin/../lib/gcc/arm-none-eabi/11.3.1/../../../../arm-none-eabi/lib/thumb/v7e-m+fp/hard\libc_nano.a(libc_a-puts.o) (__swsetup_r)
C:/ST/STM32CubeIDE_1.11.0/STM32CubeIDE/plugins/com.st.stm32cube.ide.mcu.externaltools.gnu-tools-for-stm32.11.3.rel1.win32_1.1.100.202309141235/tools/bin/../lib/gcc/arm-none-eabi/11.3.1/../../../../arm-none-eabi/lib/thumb/v7e-m+fp/hard\libc_nano.a(libc_a-memset.o)
                              C:/ST/STM32CubeIDE_1.11.0/STM32CubeIDE/plugins/com.st.stm32cube.ide.mcu.externaltools.gnu-tools-for-stm32.11.3.rel1.win32_1.1.100.202309141235/tools/bin/../lib/gcc/arm-none-eabi/11.3.1/../../../../arm-none-eabi/lib/thumb/v7e-m+fp/hard/crt0.o (memset)
C:/ST/STM32CubeIDE_1.11.0/STM32CubeIDE/plugins/com.st.stm32cube.ide.mcu.externaltools.gnu-tools-for-stm32.11.3.rel1.win32_1.1.100.202309141235/tools/bin/../lib/gcc/arm-none-eabi/11.3.1/../../../../arm-none-eabi/lib/thumb/v7e-m+fp/hard\libc_nano.a(libc_a-closer.o)
[...]
Memory Configuration

Name             Origin             Length             Attributes
FLASH            0x0000000008000000 0x0000000000080000 xr
RAM              0x0000000020000008 0x000000000002fff8 xrw
RAM_SHARED       0x0000000020030000 0x0000000000002800 xrw
*default*        0x0000000000000000 0xffffffffffffffff

Linker script and memory map

LOAD C:/ST/STM32CubeIDE_1.11.0/STM32CubeIDE/plugins/com.st.stm32cube.ide.mcu.externaltools.gnu-tools-for-stm32.11.3.rel1.win32_1.1.100.202309141235/tools/bin/../lib/gcc/arm-none-eabi/11.3.1/thumb/v7e-m+fp/hard/crti.o
LOAD C:/ST/STM32CubeIDE_1.11.0/STM32CubeIDE/plugins/com.st.stm32cube.ide.mcu.externaltools.gnu-tools-for-stm32.11.3.rel1.win32_1.1.100.202309141235/tools/bin/../lib/gcc/arm-none-eabi/11.3.1/thumb/v7e-m+fp/hard/crtbegin.o
LOAD C:/ST/STM32CubeIDE_1.11.0/STM32CubeIDE/plugins/com.st.stm32cube.ide.mcu.externaltools.gnu-tools-for-stm32.11.3.rel1.win32_1.1.100.202309141235/tools/bin/../lib/gcc/arm-none-eabi/11.3.1/../../../../arm-none-eabi/lib/thumb/v7e-m+fp/hard/crt0.o
LOAD ./Core/Src/Gestion.o
LOAD ./Core/Src/iks01a3_mems_control.o
LOAD ./Core/Src/iks01a3_mems_control_ex.o
LOAD ./Core/Src/main.o
LOAD ./Core/Src/stm32wbxx_hal_msp.o
LOAD ./Core/Src/stm32wbxx_it.o
LOAD ./Core/Src/stm32wbxx_nucleo_bus.o
LOAD ./Core/Src/syscalls.o
LOAD ./Core/Src/sysmem.o
LOAD ./Core/Src/system_stm32wbxx.o
LOAD ./Core/Startup/startup_stm32wb55rgvx.o
LOAD ./Drivers/BSP/Components/hts221/hts221.o
LOAD ./Drivers/BSP/Components/hts221/hts221_reg.o
LOAD ./Drivers/BSP/Components/lis2dw12/lis2dw12.o
LOAD ./Drivers/BSP/Components/lis2dw12/lis2dw12_reg.o
LOAD ./Drivers/BSP/Components/lis2mdl/lis2mdl.o
LOAD ./Drivers/BSP/Components/lis2mdl/lis2mdl_reg.o
LOAD ./Drivers/BSP/Components/lps22hh/lps22hh.o
LOAD ./Drivers/BSP/Components/lps22hh/lps22hh_reg.o
LOAD ./Drivers/BSP/Components/lsm6dso/lsm6dso.o
LOAD ./Drivers/BSP/Components/lsm6dso/lsm6dso_reg.o
LOAD ./Drivers/BSP/Components/stts751/stts751.o
LOAD ./Drivers/BSP/Components/stts751/stts751_reg.o
LOAD ./Drivers/BSP/IKS01A3/iks01a3_env_sensors.o
LOAD ./Drivers/BSP/IKS01A3/iks01a3_env_sensors_ex.o
LOAD ./Drivers/BSP/IKS01A3/iks01a3_motion_sensors.o
LOAD ./Drivers/BSP/IKS01A3/iks01a3_motion_sensors_ex.o
LOAD ./Drivers/STM32WBxx_HAL_Driver/Src/stm32wbxx_hal.o
LOAD ./Drivers/STM32WBxx_HAL_Driver/Src/stm32wbxx_hal_cortex.o
LOAD ./Drivers/STM32WBxx_HAL_Driver/Src/stm32wbxx_hal_dma.o
LOAD ./Drivers/STM32WBxx_HAL_Driver/Src/stm32wbxx_hal_dma_ex.o
LOAD ./Drivers/STM32WBxx_HAL_Driver/Src/stm32wbxx_hal_exti.o
LOAD ./Drivers/STM32WBxx_HAL_Driver/Src/stm32wbxx_hal_flash.o
LOAD ./Drivers/STM32WBxx_HAL_Driver/Src/stm32wbxx_hal_flash_ex.o
LOAD ./Drivers/STM32WBxx_HAL_Driver/Src/stm32wbxx_hal_gpio.o
LOAD ./Drivers/STM32WBxx_HAL_Driver/Src/stm32wbxx_hal_hsem.o
LOAD ./Drivers/STM32WBxx_HAL_Driver/Src/stm32wbxx_hal_i2c.o
LOAD ./Drivers/STM32WBxx_HAL_Driver/Src/stm32wbxx_hal_i2c_ex.o
LOAD ./Drivers/STM32WBxx_HAL_Driver/Src/stm32wbxx_hal_pcd.o
LOAD ./Drivers/STM32WBxx_HAL_Driver/Src/stm32wbxx_hal_pcd_ex.o
LOAD ./Drivers/STM32WBxx_HAL_Driver/Src/stm32wbxx_hal_pwr.o
LOAD ./Drivers/STM32WBxx_HAL_Driver/Src/stm32wbxx_hal_pwr_ex.o
LOAD ./Drivers/STM32WBxx_HAL_Driver/Src/stm32wbxx_hal_rcc.o
LOAD ./Drivers/STM32WBxx_HAL_Driver/Src/stm32wbxx_hal_rcc_ex.o
LOAD ./Drivers/STM32WBxx_HAL_Driver/Src/stm32wbxx_hal_tim.o
LOAD ./Drivers/STM32WBxx_HAL_Driver/Src/stm32wbxx_hal_tim_ex.o
LOAD ./Drivers/STM32WBxx_HAL_Driver/Src/stm32wbxx_hal_uart.o
LOAD ./Drivers/STM32WBxx_HAL_Driver/Src/stm32wbxx_hal_uart_ex.o
LOAD ./Drivers/STM32WBxx_HAL_Driver/Src/stm32wbxx_ll_rcc.o
LOAD ./Drivers/STM32WBxx_HAL_Driver/Src/stm32wbxx_ll_usb.o
START GROUP
LOAD C:/ST/STM32CubeIDE_1.11.0/STM32CubeIDE/plugins/com.st.stm32cube.ide.mcu.externaltools.gnu-tools-for-stm32.11.3.rel1.win32_1.1.100.202309141235/tools/bin/../lib/gcc/arm-none-eabi/11.3.1/../../../../arm-none-eabi/lib/thumb/v7e-m+fp/hard\libc_nano.a
LOAD C:/ST/STM32CubeIDE_1.11.0/STM32CubeIDE/plugins/com.st.stm32cube.ide.mcu.externaltools.gnu-tools-for-stm32.11.3.rel1.win32_1.1.100.202309141235/tools/bin/../lib/gcc/arm-none-eabi/11.3.1/../../../../arm-none-eabi/lib/thumb/v7e-m+fp/hard\libm.a
END GROUP
START GROUP
LOAD C:/ST/STM32CubeIDE_1.11.0/STM32CubeIDE/plugins/com.st.stm32cube.ide.mcu.externaltools.gnu-tools-for-stm32.11.3.rel1.win32_1.1.100.202309141235/tools/bin/../lib/gcc/arm-none-eabi/11.3.1/thumb/v7e-m+fp/hard\libgcc.a
LOAD C:/ST/STM32CubeIDE_1.11.0/STM32CubeIDE/plugins/com.st.stm32cube.ide.mcu.externaltools.gnu-tools-for-stm32.11.3.rel1.win32_1.1.100.202309141235/tools/bin/../lib/gcc/arm-none-eabi/11.3.1/../../../../arm-none-eabi/lib/thumb/v7e-m+fp/hard\libc_nano.a
END GROUP
START GROUP
LOAD C:/ST/STM32CubeIDE_1.11.0/STM32CubeIDE/plugins/com.st.stm32cube.ide.mcu.externaltools.gnu-tools-for-stm32.11.3.rel1.win32_1.1.100.202309141235/tools/bin/../lib/gcc/arm-none-eabi/11.3.1/thumb/v7e-m+fp/hard\libgcc.a
LOAD C:/ST/STM32CubeIDE_1.11.0/STM32CubeIDE/plugins/com.st.stm32cube.ide.mcu.externaltools.gnu-tools-for-stm32.11.3.rel1.win32_1.1.100.202309141235/tools/bin/../lib/gcc/arm-none-eabi/11.3.1/../../../../arm-none-eabi/lib/thumb/v7e-m+fp/hard\libc_nano.a
LOAD C:/ST/STM32CubeIDE_1.11.0/STM32CubeIDE/plugins/com.st.stm32cube.ide.mcu.externaltools.gnu-tools-for-stm32.11.3.rel1.win32_1.1.100.202309141235/tools/bin/../lib/gcc/arm-none-eabi/11.3.1/../../../../arm-none-eabi/lib/thumb/v7e-m+fp/hard\libnosys.a
END GROUP
START GROUP
LOAD C:/ST/STM32CubeIDE_1.11.0/STM32CubeIDE/plugins/com.st.stm32cube.ide.mcu.externaltools.gnu-tools-for-stm32.11.3.rel1.win32_1.1.100.202309141235/tools/bin/../lib/gcc/arm-none-eabi/11.3.1/thumb/v7e-m+fp/hard\libgcc.a
LOAD C:/ST/STM32CubeIDE_1.11.0/STM32CubeIDE/plugins/com.st.stm32cube.ide.mcu.externaltools.gnu-tools-for-stm32.11.3.rel1.win32_1.1.100.202309141235/tools/bin/../lib/gcc/arm-none-eabi/11.3.1/../../../../arm-none-eabi/lib/thumb/v7e-m+fp/hard\libc_nano.a
LOAD C:/ST/STM32CubeIDE_1.11.0/STM32CubeIDE/plugins/com.st.stm32cube.ide.mcu.externaltools.gnu-tools-for-stm32.11.3.rel1.win32_1.1.100.202309141235/tools/bin/../lib/gcc/arm-none-eabi/11.3.1/../../../../arm-none-eabi/lib/thumb/v7e-m+fp/hard\libnosys.a
END GROUP
LOAD C:/ST/STM32CubeIDE_1.11.0/STM32CubeIDE/plugins/com.st.stm32cube.ide.mcu.externaltools.gnu-tools-for-stm32.11.3.rel1.win32_1.1.100.202309141235/tools/bin/../lib/gcc/arm-none-eabi/11.3.1/thumb/v7e-m+fp/hard/crtend.o
LOAD C:/ST/STM32CubeIDE_1.11.0/STM32CubeIDE/plugins/com.st.stm32cube.ide.mcu.externaltools.gnu-tools-for-stm32.11.3.rel1.win32_1.1.100.202309141235/tools/bin/../lib/gcc/arm-none-eabi/11.3.1/thumb/v7e-m+fp/hard/crtn.o
                0x0000000020030000                _estack = (ORIGIN (RAM) + LENGTH (RAM))
                0x0000000000000200                _Min_Heap_Size = 0x200
                0x0000000000000400                _Min_Stack_Size = 0x400

.isr_vector     0x0000000008000000      0x13c
                0x0000000008000000                . = ALIGN (0x4)
 *(.isr_vector)
 .isr_vector    0x0000000008000000      0x13c ./Core/Startup/startup_stm32wb55rgvx.o
                0x0000000008000000                g_pfnVectors
                0x000000000800013c                . = ALIGN (0x4)

.text           0x0000000008000140     0xb4f8
                0x0000000008000140                . = ALIGN (0x4)
 *(.text)
 .text          0x0000000008000140       0x40 C:/ST/STM32CubeIDE_1.11.0/STM32CubeIDE/plugins/com.st.stm32cube.ide.mcu.externaltools.gnu-tools-for-stm32.11.3.rel1.win32_1.1.100.202309141235/tools/bin/../lib/gcc/arm-none-eabi/11.3.1/thumb/v7e-m+fp/hard/crtbegin.o
 .text          0x0000000008000180       0xa0 C:/ST/STM32CubeIDE_1.11.0/STM32CubeIDE/plugins/com.st.stm32cube.ide.mcu.externaltools.gnu-tools-for-stm32.11.3.rel1.win32_1.1.100.202309141235/tools/bin/../lib/gcc/arm-none-eabi/11.3.1/../../../../arm-none-eabi/lib/thumb/v7e-m+fp/hard\libc_nano.a(libc_a-memchr.o)
                0x0000000008000180                memchr
 .text          0x0000000008000220      0x378 C:/ST/STM32CubeIDE_1.11.0/STM32CubeIDE/plugins/com.st.stm32cube.ide.mcu.externaltools.gnu-tools-for-stm32.11.3.rel1.win32_1.1.100.202309141235/tools/bin/../lib/gcc/arm-none-eabi/11.3.1/thumb/v7e-m+fp/hard\libgcc.a(_arm_addsubdf3.o)
                0x0000000008000220                __aeabi_drsub
                0x0000000008000228                __aeabi_dsub
                0x0000000008000228                __subdf3
                0x000000000800022c                __aeabi_dadd
                0x000000000800022c                __adddf3
                0x00000000080004a4                __floatunsidf
                0x00000000080004a4                __aeabi_ui2d
                0x00000000080004c4                __floatsidf
                0x00000000080004c4                __aeabi_i2d
                0x00000000080004e8                __aeabi_f2d
                0x00000000080004e8                __extendsfdf2
                0x000000000800052c                __floatundidf
                0x000000000800052c                __aeabi_ul2d
                0x000000000800053c                __floatdidf
                0x000000000800053c                __aeabi_l2d
 .text          0x0000000008000598      0x110 C:/ST/STM32CubeIDE_1.11.0/STM32CubeIDE/plugins/com.st.stm32cube.ide.mcu.externaltools.gnu-tools-for-stm32.11.3.rel1.win32_1.1.100.202309141235/tools/bin/../lib/gcc/arm-none-eabi/11.3.1/thumb/v7e-m+fp/hard\libgcc.a(_arm_cmpdf2.o)
                0x0000000008000598                __gtdf2
                0x0000000008000598                __gedf2
                0x00000000080005a0                __ltdf2
                0x00000000080005a0                __ledf2
                0x00000000080005a8                __nedf2
                0x00000000080005a8                __eqdf2
                0x00000000080005a8                __cmpdf2
                0x0000000008000624                __aeabi_cdrcmple
                0x0000000008000634                __aeabi_cdcmpeq
                0x0000000008000634                __aeabi_cdcmple
                0x0000000008000644                __aeabi_dcmpeq
                0x0000000008000658                __aeabi_dcmplt
                0x000000000800066c                __aeabi_dcmple
                0x0000000008000680                __aeabi_dcmpge
                0x0000000008000694                __aeabi_dcmpgt
 .text          0x00000000080006a8       0x50 C:/ST/STM32CubeIDE_1.11.0/STM32CubeIDE/plugins/com.st.stm32cube.ide.mcu.externaltools.gnu-tools-for-stm32.11.3.rel1.win32_1.1.100.202309141235/tools/bin/../lib/gcc/arm-none-eabi/11.3.1/thumb/v7e-m+fp/hard\libgcc.a(_arm_fixdfsi.o)
                0x00000000080006a8                __aeabi_d2iz
                0x00000000080006a8                __fixdfsi
 .text          0x00000000080006f8       0x30 C:/ST/STM32CubeIDE_1.11.0/STM32CubeIDE/plugins/com.st.stm32cube.ide.mcu.externaltools.gnu-tools-for-stm32.11.3.rel1.win32_1.1.100.202309141235/tools/bin/../lib/gcc/arm-none-eabi/11.3.1/thumb/v7e-m+fp/hard\libgcc.a(_aeabi_uldivmod.o)
                0x00000000080006f8                __aeabi_uldivmod
 .text          0x0000000008000728      0x2c8 C:/ST/STM32CubeIDE_1.11.0/STM32CubeIDE/plugins/com.st.stm32cube.ide.mcu.externaltools.gnu-tools-for-stm32.11.3.rel1.win32_1.1.100.202309141235/tools/bin/../lib/gcc/arm-none-eabi/11.3.1/thumb/v7e-m+fp/hard\libgcc.a(_udivmoddi4.o)
                0x0000000008000728                __udivmoddi4
 .text          0x00000000080009f0        0x4 C:/ST/STM32CubeIDE_1.11.0/STM32CubeIDE/plugins/com.st.stm32cube.ide.mcu.externaltools.gnu-tools-for-stm32.11.3.rel1.win32_1.1.100.202309141235/tools/bin/../lib/gcc/arm-none-eabi/11.3.1/thumb/v7e-m+fp/hard\libgcc.a(_dvmd_tls.o)
                0x00000000080009f0                __aeabi_idiv0
                0x00000000080009f0                __aeabi_ldiv0
 *(.text*)
 .text.ITM_SendChar
                0x00000000080009f4       0x4e ./Core/Src/Gestion.o
 .text._write   0x0000000008000a42       0x38 ./Core/Src/Gestion.o
                0x0000000008000a42                _write
 *fill*         0x0000000008000a7a        0x2 
 .text.MX_MEMS_Init
                0x0000000008000a7c       0x3c ./Core/Src/Gestion.o
                0x0000000008000a7c                MX_MEMS_Init
 .text.MX_MEMS_Process
                0x0000000008000ab8      0x104 ./Core/Src/Gestion.o
                0x0000000008000ab8                MX_MEMS_Process
 .text.Init_Sensors
                0x0000000008000bbc       0x24 ./Core/Src/Gestion.o
                0x0000000008000bbc                Init_Sensors
 .text.ReadSensorData
                0x0000000008000be0       0x78 ./Core/Src/Gestion.o
                0x0000000008000be0                ReadSensorData
 .text.CalibrateSensors
                0x0000000008000c58       0x10 ./Core/Src/Gestion.o
                0x0000000008000c58                CalibrateSensors
 .text.CalibrateAccelerometer
                0x0000000008000c68       0x90 ./Core/Src/Gestion.o
                0x0000000008000c68                CalibrateAccelerometer
 .text.CalibrateGyroscope
                0x0000000008000cf8       0x90 ./Core/Src/Gestion.o
                0x0000000008000cf8                CalibrateGyroscope
 .text.recordBenchRep
                0x0000000008000d88      0x180 ./Core/Src/Gestion.o
                0x0000000008000d88                recordBenchRep
 .text.compareBenchReps
                0x0000000008000f08       0x5a ./Core/Src/Gestion.o
                0x0000000008000f08                compareBenchReps
 .text.BSP_SENSOR_ACC_Init
                0x0000000008000f62       0x10 ./Core/Src/iks01a3_mems_control.o
                0x0000000008000f62                BSP_SENSOR_ACC_Init
 .text.BSP_SENSOR_GYR_Init
                0x0000000008000f72       0x10 ./Core/Src/iks01a3_mems_control.o
                0x0000000008000f72                BSP_SENSOR_GYR_Init
 .text.BSP_SENSOR_ACC_GetAxes
                0x0000000008000f82       0x1a ./Core/Src/iks01a3_mems_control.o
                0x0000000008000f82                BSP_SENSOR_ACC_GetAxes
 .text.BSP_SENSOR_GYR_GetAxes
                0x0000000008000f9c       0x1a ./Core/Src/iks01a3_mems_control.o
                0x0000000008000f9c                BSP_SENSOR_GYR_GetAxes
 .text.BSP_SENSOR_ACC_SetOutputDataRate
                0x0000000008000fb6       0x1e ./Core/Src/iks01a3_mems_control.o
                0x0000000008000fb6                BSP_SENSOR_ACC_SetOutputDataRate
 .text.BSP_SENSOR_ACC_SetFullScale
                0x0000000008000fd4       0x1a ./Core/Src/iks01a3_mems_control.o
                0x0000000008000fd4                BSP_SENSOR_ACC_SetFullScale
 .text.LL_RCC_LSE_SetDriveCapability
                0x0000000008000fee       0x2c ./Core/Src/main.o
 .text.LL_AHB2_GRP1_EnableClock
                0x000000000800101a       0x32 ./Core/Src/main.o
 .text.main     0x000000000800104c       0x26 ./Core/Src/main.o
                0x000000000800104c                main
 *fill*         0x0000000008001072        0x2 
 .text.SystemClock_Config
                0x0000000008001074       0xec ./Core/Src/main.o
                0x0000000008001074                SystemClock_Config
 .text.PeriphCommonClock_Config
                0x0000000008001160       0x3a ./Core/Src/main.o
                0x0000000008001160                PeriphCommonClock_Config
 *fill*         0x000000000800119a        0x2 
 .text.MX_USART1_UART_Init
                0x000000000800119c       0x9c ./Core/Src/main.o
 .text.MX_USB_PCD_Init
                0x0000000008001238       0x50 ./Core/Src/main.o
 .text.MX_GPIO_Init
                0x0000000008001288       0x90 ./Core/Src/main.o
 .text.Error_Handler
                0x0000000008001318        0xa ./Core/Src/main.o
                0x0000000008001318                Error_Handler
 .text.LL_AHB2_GRP1_EnableClock
                0x0000000008001322       0x32 ./Core/Src/stm32wbxx_hal_msp.o
 .text.LL_APB1_GRP1_EnableClock
                0x0000000008001354       0x32 ./Core/Src/stm32wbxx_hal_msp.o
 .text.LL_APB2_GRP1_EnableClock
                0x0000000008001386       0x32 ./Core/Src/stm32wbxx_hal_msp.o
 .text.HAL_MspInit
                0x00000000080013b8        0xe ./Core/Src/stm32wbxx_hal_msp.o
                0x00000000080013b8                HAL_MspInit
 *fill*         0x00000000080013c6        0x2 
 .text.HAL_UART_MspInit
                0x00000000080013c8       0x8c ./Core/Src/stm32wbxx_hal_msp.o
                0x00000000080013c8                HAL_UART_MspInit
 .text.HAL_PCD_MspInit
                0x0000000008001454       0xac ./Core/Src/stm32wbxx_hal_msp.o
                0x0000000008001454                HAL_PCD_MspInit
 .text.NMI_Handler
                0x0000000008001500        0x6 ./Core/Src/stm32wbxx_it.o
                0x0000000008001500                NMI_Handler
 .text.HardFault_Handler
                0x0000000008001506        0x6 ./Core/Src/stm32wbxx_it.o
                0x0000000008001506                HardFault_Handler
 .text.MemManage_Handler
                0x000000000800150c        0x6 ./Core/Src/stm32wbxx_it.o
                0x000000000800150c                MemManage_Handler
 .text.BusFault_Handler
                0x0000000008001512        0x6 ./Core/Src/stm32wbxx_it.o
                0x0000000008001512                BusFault_Handler
 .text.UsageFault_Handler
                0x0000000008001518        0x6 ./Core/Src/stm32wbxx_it.o
                0x0000000008001518                UsageFault_Handler
 .text.SVC_Handler
                0x000000000800151e        0xe ./Core/Src/stm32wbxx_it.o
                0x000000000800151e                SVC_Handler
 .text.DebugMon_Handler
                0x000000000800152c        0xe ./Core/Src/stm32wbxx_it.o
                0x000000000800152c                DebugMon_Handler
 .text.PendSV_Handler
                0x000000000800153a        0xe ./Core/Src/stm32wbxx_it.o
                0x000000000800153a                PendSV_Handler
 .text.SysTick_Handler
                0x0000000008001548        0xc ./Core/Src/stm32wbxx_it.o
                0x0000000008001548                SysTick_Handler
 .text.LL_AHB2_GRP1_EnableClock
                0x0000000008001554       0x32 ./Core/Src/stm32wbxx_nucleo_bus.o
 .text.LL_APB1_GRP1_EnableClock
                0x0000000008001586       0x32 ./Core/Src/stm32wbxx_nucleo_bus.o
 .text.LL_APB1_GRP1_DisableClock
                0x00000000080015b8       0x26 ./Core/Src/stm32wbxx_nucleo_bus.o
 *fill*         0x00000000080015de        0x2 
 .text.BSP_I2C1_Init
                0x00000000080015e0       0x7c ./Core/Src/stm32wbxx_nucleo_bus.o
                0x00000000080015e0                BSP_I2C1_Init
 .text.BSP_I2C1_DeInit
                0x000000000800165c       0x50 ./Core/Src/stm32wbxx_nucleo_bus.o
                0x000000000800165c                BSP_I2C1_DeInit
 .text.BSP_I2C1_WriteReg
                0x00000000080016ac       0x64 ./Core/Src/stm32wbxx_nucleo_bus.o
                0x00000000080016ac                BSP_I2C1_WriteReg
 .text.BSP_I2C1_ReadReg
                0x0000000008001710       0x64 ./Core/Src/stm32wbxx_nucleo_bus.o
                0x0000000008001710                BSP_I2C1_ReadReg
 .text.BSP_GetTick
                0x0000000008001774        0xe ./Core/Src/stm32wbxx_nucleo_bus.o
                0x0000000008001774                BSP_GetTick
 *fill*         0x0000000008001782        0x2 
 .text.MX_I2C1_Init
                0x0000000008001784       0x88 ./Core/Src/stm32wbxx_nucleo_bus.o
                0x0000000008001784                MX_I2C1_Init
 .text.I2C1_MspInit
                0x000000000800180c       0x88 ./Core/Src/stm32wbxx_nucleo_bus.o
 .text.I2C1_MspDeInit
                0x0000000008001894       0x30 ./Core/Src/stm32wbxx_nucleo_bus.o
 .text._read    0x00000000080018c4       0x3a ./Core/Src/syscalls.o
                0x00000000080018c4                _read
 .text._close   0x00000000080018fe       0x18 ./Core/Src/syscalls.o
                0x00000000080018fe                _close
 .text._fstat   0x0000000008001916       0x20 ./Core/Src/syscalls.o
                0x0000000008001916                _fstat
 .text._isatty  0x0000000008001936       0x16 ./Core/Src/syscalls.o
                0x0000000008001936                _isatty
 .text._lseek   0x000000000800194c       0x1a ./Core/Src/syscalls.o
                0x000000000800194c                _lseek
 *fill*         0x0000000008001966        0x2 
 .text._sbrk    0x0000000008001968       0x6c ./Core/Src/sysmem.o
                0x0000000008001968                _sbrk
 .text.SystemInit
                0x00000000080019d4       0xa4 ./Core/Src/system_stm32wbxx.o
                0x00000000080019d4                SystemInit
 .text.data_initializers
                0x0000000008001a78       0x18 ./Core/Startup/startup_stm32wb55rgvx.o
 .text.Reset_Handler
                0x0000000008001a90       0x58 ./Core/Startup/startup_stm32wb55rgvx.o
                0x0000000008001a90                Reset_Handler
 .text.Default_Handler
                0x0000000008001ae8        0x2 ./Core/Startup/startup_stm32wb55rgvx.o
                0x0000000008001ae8                RTC_Alarm_IRQHandler
                0x0000000008001ae8                EXTI2_IRQHandler
                0x0000000008001ae8                TIM1_CC_IRQHandler
                0x0000000008001ae8                TSC_IRQHandler
                0x0000000008001ae8                USB_HP_IRQHandler
                0x0000000008001ae8                EXTI3_IRQHandler
                0x0000000008001ae8                LPTIM2_IRQHandler
                0x0000000008001ae8                I2C3_ER_IRQHandler
                0x0000000008001ae8                EXTI0_IRQHandler
                0x0000000008001ae8                FPU_IRQHandler
                0x0000000008001ae8                TIM1_UP_TIM16_IRQHandler
                0x0000000008001ae8                AES1_IRQHandler
                0x0000000008001ae8                SPI1_IRQHandler
                0x0000000008001ae8                PWR_SOTF_BLEACT_802ACT_RFPHASE_IRQHandler
                0x0000000008001ae8                DMA2_Channel2_IRQHandler
                0x0000000008001ae8                DMA1_Channel4_IRQHandler
                0x0000000008001ae8                ADC1_IRQHandler
                0x0000000008001ae8                PKA_IRQHandler
                0x0000000008001ae8                DMA1_Channel7_IRQHandler
                0x0000000008001ae8                LCD_IRQHandler
                0x0000000008001ae8                IPCC_C1_TX_IRQHandler
                0x0000000008001ae8                DMA2_Channel1_IRQHandler
                0x0000000008001ae8                QUADSPI_IRQHandler
                0x0000000008001ae8                I2C1_EV_IRQHandler
                0x0000000008001ae8                DMAMUX1_OVR_IRQHandler
                0x0000000008001ae8                DMA1_Channel6_IRQHandler
                0x0000000008001ae8                DMA2_Channel4_IRQHandler
                0x0000000008001ae8                RCC_IRQHandler
                0x0000000008001ae8                DMA1_Channel1_IRQHandler
                0x0000000008001ae8                Default_Handler
                0x0000000008001ae8                DMA2_Channel7_IRQHandler
                0x0000000008001ae8                EXTI15_10_IRQHandler
                0x0000000008001ae8                IPCC_C1_RX_IRQHandler
                0x0000000008001ae8                C2SEV_PWR_C2H_IRQHandler
                0x0000000008001ae8                AES2_IRQHandler
                0x0000000008001ae8                I2C3_EV_IRQHandler
                0x0000000008001ae8                EXTI9_5_IRQHandler
                0x0000000008001ae8                RTC_WKUP_IRQHandler
                0x0000000008001ae8                PVD_PVM_IRQHandler
                0x0000000008001ae8                SPI2_IRQHandler
                0x0000000008001ae8                DMA2_Channel5_IRQHandler
                0x0000000008001ae8                CRS_IRQHandler
                0x0000000008001ae8                DMA1_Channel5_IRQHandler
                0x0000000008001ae8                USB_LP_IRQHandler
                0x0000000008001ae8                EXTI4_IRQHandler
                0x0000000008001ae8                RNG_IRQHandler
                0x0000000008001ae8                TIM1_TRG_COM_TIM17_IRQHandler
                0x0000000008001ae8                TAMP_STAMP_LSECSS_IRQHandler
                0x0000000008001ae8                DMA1_Channel3_IRQHandler
                0x0000000008001ae8                COMP_IRQHandler
                0x0000000008001ae8                HSEM_IRQHandler
                0x0000000008001ae8                WWDG_IRQHandler
                0x0000000008001ae8                LPUART1_IRQHandler
                0x0000000008001ae8                DMA2_Channel6_IRQHandler
                0x0000000008001ae8                TIM2_IRQHandler
                0x0000000008001ae8                TIM1_BRK_IRQHandler
                0x0000000008001ae8                EXTI1_IRQHandler
                0x0000000008001ae8                DMA1_Channel2_IRQHandler
                0x0000000008001ae8                FLASH_IRQHandler
                0x0000000008001ae8                USART1_IRQHandler
                0x0000000008001ae8                I2C1_ER_IRQHandler
                0x0000000008001ae8                LPTIM1_IRQHandler
                0x0000000008001ae8                SAI1_IRQHandler
                0x0000000008001ae8                DMA2_Channel3_IRQHandler
 *fill*         0x0000000008001aea        0x2 
 .text.LIS2DW12_RegisterBusIO
                0x0000000008001aec       0xd4 ./Drivers/BSP/Components/lis2dw12/lis2dw12.o
                0x0000000008001aec                LIS2DW12_RegisterBusIO
 .text.LIS2DW12_Init
                0x0000000008001bc0       0xc4 ./Drivers/BSP/Components/lis2dw12/lis2dw12.o
                0x0000000008001bc0                LIS2DW12_Init
 .text.LIS2DW12_DeInit
                0x0000000008001c84       0x44 ./Drivers/BSP/Components/lis2dw12/lis2dw12.o
                0x0000000008001c84                LIS2DW12_DeInit
 .text.LIS2DW12_ReadID
                0x0000000008001cc8       0x2c ./Drivers/BSP/Components/lis2dw12/lis2dw12.o
                0x0000000008001cc8                LIS2DW12_ReadID
 .text.LIS2DW12_GetCapabilities
                0x0000000008001cf4       0x5c ./Drivers/BSP/Components/lis2dw12/lis2dw12.o
                0x0000000008001cf4                LIS2DW12_GetCapabilities
 .text.LIS2DW12_ACC_Enable
                0x0000000008001d50       0x52 ./Drivers/BSP/Components/lis2dw12/lis2dw12.o
                0x0000000008001d50                LIS2DW12_ACC_Enable
 .text.LIS2DW12_ACC_Disable
                0x0000000008001da2       0x40 ./Drivers/BSP/Components/lis2dw12/lis2dw12.o
                0x0000000008001da2                LIS2DW12_ACC_Disable
 *fill*         0x0000000008001de2        0x2 
 .text.LIS2DW12_ACC_GetSensitivity
                0x0000000008001de4      0x150 ./Drivers/BSP/Components/lis2dw12/lis2dw12.o
                0x0000000008001de4                LIS2DW12_ACC_GetSensitivity
 .text.LIS2DW12_ACC_GetOutputDataRate
                0x0000000008001f34      0x2fc ./Drivers/BSP/Components/lis2dw12/lis2dw12.o
                0x0000000008001f34                LIS2DW12_ACC_GetOutputDataRate
 .text.LIS2DW12_ACC_SetOutputDataRate
                0x0000000008002230       0x24 ./Drivers/BSP/Components/lis2dw12/lis2dw12.o
                0x0000000008002230                LIS2DW12_ACC_SetOutputDataRate
 .text.LIS2DW12_ACC_SetOutputDataRate_With_Mode
                0x0000000008002254       0x4c ./Drivers/BSP/Components/lis2dw12/lis2dw12.o
                0x0000000008002254                LIS2DW12_ACC_SetOutputDataRate_With_Mode
 .text.LIS2DW12_ACC_GetFullScale
                0x00000000080022a0       0x84 ./Drivers/BSP/Components/lis2dw12/lis2dw12.o
                0x00000000080022a0                LIS2DW12_ACC_GetFullScale
 .text.LIS2DW12_ACC_SetFullScale
                0x0000000008002324       0x50 ./Drivers/BSP/Components/lis2dw12/lis2dw12.o
                0x0000000008002324                LIS2DW12_ACC_SetFullScale
 .text.LIS2DW12_ACC_GetAxesRaw
                0x0000000008002374      0x104 ./Drivers/BSP/Components/lis2dw12/lis2dw12.o
                0x0000000008002374                LIS2DW12_ACC_GetAxesRaw
 .text.LIS2DW12_ACC_GetAxes
                0x0000000008002478       0xaa ./Drivers/BSP/Components/lis2dw12/lis2dw12.o
                0x0000000008002478                LIS2DW12_ACC_GetAxes
 .text.LIS2DW12_Write_Reg
                0x0000000008002522       0x36 ./Drivers/BSP/Components/lis2dw12/lis2dw12.o
                0x0000000008002522                LIS2DW12_Write_Reg
 .text.LIS2DW12_ACC_SetOutputDataRate_When_Enabled
                0x0000000008002558      0x238 ./Drivers/BSP/Components/lis2dw12/lis2dw12.o
 .text.LIS2DW12_ACC_SetOutputDataRate_When_Disabled
                0x0000000008002790      0x124 ./Drivers/BSP/Components/lis2dw12/lis2dw12.o
 .text.ReadRegWrap
                0x00000000080028b4       0x36 ./Drivers/BSP/Components/lis2dw12/lis2dw12.o
 .text.WriteRegWrap
                0x00000000080028ea       0x36 ./Drivers/BSP/Components/lis2dw12/lis2dw12.o
 .text.lis2dw12_read_reg
                0x0000000008002920       0x30 ./Drivers/BSP/Components/lis2dw12/lis2dw12_reg.o
                0x0000000008002920                lis2dw12_read_reg
 .text.lis2dw12_write_reg
                0x0000000008002950       0x30 ./Drivers/BSP/Components/lis2dw12/lis2dw12_reg.o
                0x0000000008002950                lis2dw12_write_reg
 .text.lis2dw12_power_mode_set
                0x0000000008002980       0x9c ./Drivers/BSP/Components/lis2dw12/lis2dw12_reg.o
                0x0000000008002980                lis2dw12_power_mode_set
 .text.lis2dw12_power_mode_get
                0x0000000008002a1c      0x174 ./Drivers/BSP/Components/lis2dw12/lis2dw12_reg.o
                0x0000000008002a1c                lis2dw12_power_mode_get
 .text.lis2dw12_data_rate_set
                0x0000000008002b90       0x8a ./Drivers/BSP/Components/lis2dw12/lis2dw12_reg.o
                0x0000000008002b90                lis2dw12_data_rate_set
 *fill*         0x0000000008002c1a        0x2 
 .text.lis2dw12_data_rate_get
                0x0000000008002c1c      0x194 ./Drivers/BSP/Components/lis2dw12/lis2dw12_reg.o
                0x0000000008002c1c                lis2dw12_data_rate_get
 .text.lis2dw12_block_data_update_set
                0x0000000008002db0       0x4c ./Drivers/BSP/Components/lis2dw12/lis2dw12_reg.o
                0x0000000008002db0                lis2dw12_block_data_update_set
 .text.lis2dw12_full_scale_set
                0x0000000008002dfc       0x4c ./Drivers/BSP/Components/lis2dw12/lis2dw12_reg.o
                0x0000000008002dfc                lis2dw12_full_scale_set
 .text.lis2dw12_full_scale_get
                0x0000000008002e48       0x70 ./Drivers/BSP/Components/lis2dw12/lis2dw12_reg.o
                0x0000000008002e48                lis2dw12_full_scale_get
 .text.lis2dw12_acceleration_raw_get
                0x0000000008002eb8       0x96 ./Drivers/BSP/Components/lis2dw12/lis2dw12_reg.o
                0x0000000008002eb8                lis2dw12_acceleration_raw_get
 .text.lis2dw12_device_id_get
                0x0000000008002f4e       0x22 ./Drivers/BSP/Components/lis2dw12/lis2dw12_reg.o
                0x0000000008002f4e                lis2dw12_device_id_get
 .text.lis2dw12_auto_increment_set
                0x0000000008002f70       0x4c ./Drivers/BSP/Components/lis2dw12/lis2dw12_reg.o
                0x0000000008002f70                lis2dw12_auto_increment_set
 .text.lis2dw12_fifo_mode_set
                0x0000000008002fbc       0x4c ./Drivers/BSP/Components/lis2dw12/lis2dw12_reg.o
                0x0000000008002fbc                lis2dw12_fifo_mode_set
 .text.LIS2MDL_RegisterBusIO
                0x0000000008003008      0x100 ./Drivers/BSP/Components/lis2mdl/lis2mdl.o
                0x0000000008003008                LIS2MDL_RegisterBusIO
 .text.LIS2MDL_Init
                0x0000000008003108      0x10c ./Drivers/BSP/Components/lis2mdl/lis2mdl.o
                0x0000000008003108                LIS2MDL_Init
 .text.LIS2MDL_DeInit
                0x0000000008003214       0x2c ./Drivers/BSP/Components/lis2mdl/lis2mdl.o
                0x0000000008003214                LIS2MDL_DeInit
 .text.LIS2MDL_ReadID
                0x0000000008003240       0x4c ./Drivers/BSP/Components/lis2mdl/lis2mdl.o
                0x0000000008003240                LIS2MDL_ReadID
 .text.LIS2MDL_GetCapabilities
                0x000000000800328c       0x5c ./Drivers/BSP/Components/lis2mdl/lis2mdl.o
                0x000000000800328c                LIS2MDL_GetCapabilities
 .text.LIS2MDL_MAG_Enable
                0x00000000080032e8       0x84 ./Drivers/BSP/Components/lis2mdl/lis2mdl.o
                0x00000000080032e8                LIS2MDL_MAG_Enable
 .text.LIS2MDL_MAG_Disable
                0x000000000800336c       0x86 ./Drivers/BSP/Components/lis2mdl/lis2mdl.o
                0x000000000800336c                LIS2MDL_MAG_Disable
 .text.LIS2MDL_MAG_GetSensitivity
                0x00000000080033f2       0x20 ./Drivers/BSP/Components/lis2mdl/lis2mdl.o
                0x00000000080033f2                LIS2MDL_MAG_GetSensitivity
 *fill*         0x0000000008003412        0x2 
 .text.LIS2MDL_MAG_GetOutputDataRate
                0x0000000008003414       0x8c ./Drivers/BSP/Components/lis2mdl/lis2mdl.o
                0x0000000008003414                LIS2MDL_MAG_GetOutputDataRate
 .text.LIS2MDL_MAG_SetOutputDataRate
                0x00000000080034a0       0xc8 ./Drivers/BSP/Components/lis2mdl/lis2mdl.o
                0x00000000080034a0                LIS2MDL_MAG_SetOutputDataRate
 .text.LIS2MDL_MAG_GetFullScale
                0x0000000008003568       0x1e ./Drivers/BSP/Components/lis2mdl/lis2mdl.o
                0x0000000008003568                LIS2MDL_MAG_GetFullScale
 .text.LIS2MDL_MAG_SetFullScale
                0x0000000008003586       0x18 ./Drivers/BSP/Components/lis2mdl/lis2mdl.o
                0x0000000008003586                LIS2MDL_MAG_SetFullScale
 .text.LIS2MDL_MAG_GetAxesRaw
                0x000000000800359e       0x48 ./Drivers/BSP/Components/lis2mdl/lis2mdl.o
                0x000000000800359e                LIS2MDL_MAG_GetAxesRaw
 .text.LIS2MDL_MAG_GetAxes
                0x00000000080035e6      0x114 ./Drivers/BSP/Components/lis2mdl/lis2mdl.o
                0x00000000080035e6                LIS2MDL_MAG_GetAxes
 .text.LIS2MDL_Write_Reg
                0x00000000080036fa       0x56 ./Drivers/BSP/Components/lis2mdl/lis2mdl.o
                0x00000000080036fa                LIS2MDL_Write_Reg
 .text.ReadMagRegWrap
                0x0000000008003750       0x82 ./Drivers/BSP/Components/lis2mdl/lis2mdl.o
 .text.WriteMagRegWrap
                0x00000000080037d2       0x82 ./Drivers/BSP/Components/lis2mdl/lis2mdl.o
 .text.LSM6DSOX_SENSORHUB_LIS2MDL_ReadShData
                0x0000000008003854      0x27e ./Drivers/BSP/Components/lis2mdl/lis2mdl.o
 .text.LSM6DSOX_SENSORHUB_LIS2MDL_WriteShData
                0x0000000008003ad2      0x23c ./Drivers/BSP/Components/lis2mdl/lis2mdl.o
 .text.lis2mdl_read_reg
                0x0000000008003d0e       0x30 ./Drivers/BSP/Components/lis2mdl/lis2mdl_reg.o
                0x0000000008003d0e                lis2mdl_read_reg
 .text.lis2mdl_write_reg
                0x0000000008003d3e       0x30 ./Drivers/BSP/Components/lis2mdl/lis2mdl_reg.o
                0x0000000008003d3e                lis2mdl_write_reg
 .text.lis2mdl_operating_mode_set
                0x0000000008003d6e       0x4c ./Drivers/BSP/Components/lis2mdl/lis2mdl_reg.o
                0x0000000008003d6e                lis2mdl_operating_mode_set
 .text.lis2mdl_data_rate_set
                0x0000000008003dba       0x4c ./Drivers/BSP/Components/lis2mdl/lis2mdl_reg.o
                0x0000000008003dba                lis2mdl_data_rate_set
 *fill*         0x0000000008003e06        0x2 
 .text.lis2mdl_data_rate_get
                0x0000000008003e08       0x70 ./Drivers/BSP/Components/lis2mdl/lis2mdl_reg.o
                0x0000000008003e08                lis2mdl_data_rate_get
 .text.lis2mdl_block_data_update_set
                0x0000000008003e78       0x4c ./Drivers/BSP/Components/lis2mdl/lis2mdl_reg.o
                0x0000000008003e78                lis2mdl_block_data_update_set
 .text.lis2mdl_magnetic_raw_get
                0x0000000008003ec4       0x96 ./Drivers/BSP/Components/lis2mdl/lis2mdl_reg.o
                0x0000000008003ec4                lis2mdl_magnetic_raw_get
 .text.lis2mdl_device_id_get
                0x0000000008003f5a       0x22 ./Drivers/BSP/Components/lis2mdl/lis2mdl_reg.o
                0x0000000008003f5a                lis2mdl_device_id_get
 .text.lis2mdl_self_test_set
                0x0000000008003f7c       0x4c ./Drivers/BSP/Components/lis2mdl/lis2mdl_reg.o
                0x0000000008003f7c                lis2mdl_self_test_set
 .text.lis2mdl_i2c_interface_set
                0x0000000008003fc8       0x4c ./Drivers/BSP/Components/lis2mdl/lis2mdl_reg.o
                0x0000000008003fc8                lis2mdl_i2c_interface_set
 .text.LSM6DSO_RegisterBusIO
                0x0000000008004014       0xd4 ./Drivers/BSP/Components/lsm6dso/lsm6dso.o
                0x0000000008004014                LSM6DSO_RegisterBusIO
 .text.LSM6DSO_Init
                0x00000000080040e8       0xf2 ./Drivers/BSP/Components/lsm6dso/lsm6dso.o
                0x00000000080040e8                LSM6DSO_Init
 .text.LSM6DSO_DeInit
                0x00000000080041da       0x4e ./Drivers/BSP/Components/lsm6dso/lsm6dso.o
                0x00000000080041da                LSM6DSO_DeInit
 .text.LSM6DSO_ReadID
                0x0000000008004228       0x2c ./Drivers/BSP/Components/lsm6dso/lsm6dso.o
                0x0000000008004228                LSM6DSO_ReadID
 .text.LSM6DSO_GetCapabilities
                0x0000000008004254       0x5c ./Drivers/BSP/Components/lsm6dso/lsm6dso.o
                0x0000000008004254                LSM6DSO_GetCapabilities
 .text.LSM6DSO_ACC_Enable
                0x00000000080042b0       0x48 ./Drivers/BSP/Components/lsm6dso/lsm6dso.o
                0x00000000080042b0                LSM6DSO_ACC_Enable
 .text.LSM6DSO_ACC_Disable
                0x00000000080042f8       0x5e ./Drivers/BSP/Components/lsm6dso/lsm6dso.o
                0x00000000080042f8                LSM6DSO_ACC_Disable
 *fill*         0x0000000008004356        0x2 
 .text.LSM6DSO_ACC_GetSensitivity
                0x0000000008004358       0x8c ./Drivers/BSP/Components/lsm6dso/lsm6dso.o
                0x0000000008004358                LSM6DSO_ACC_GetSensitivity
 .text.LSM6DSO_ACC_GetOutputDataRate
                0x00000000080043e4      0x108 ./Drivers/BSP/Components/lsm6dso/lsm6dso.o
                0x00000000080043e4                LSM6DSO_ACC_GetOutputDataRate
 .text.LSM6DSO_ACC_SetOutputDataRate
                0x00000000080044ec       0x22 ./Drivers/BSP/Components/lsm6dso/lsm6dso.o
                0x00000000080044ec                LSM6DSO_ACC_SetOutputDataRate
 *fill*         0x000000000800450e        0x2 
 .text.LSM6DSO_ACC_SetOutputDataRate_With_Mode
                0x0000000008004510      0x33c ./Drivers/BSP/Components/lsm6dso/lsm6dso.o
                0x0000000008004510                LSM6DSO_ACC_SetOutputDataRate_With_Mode
 .text.LSM6DSO_ACC_GetFullScale
                0x000000000800484c       0x7c ./Drivers/BSP/Components/lsm6dso/lsm6dso.o
                0x000000000800484c                LSM6DSO_ACC_GetFullScale
 .text.LSM6DSO_ACC_SetFullScale
                0x00000000080048c8       0x50 ./Drivers/BSP/Components/lsm6dso/lsm6dso.o
                0x00000000080048c8                LSM6DSO_ACC_SetFullScale
 .text.LSM6DSO_ACC_GetAxesRaw
                0x0000000008004918       0x48 ./Drivers/BSP/Components/lsm6dso/lsm6dso.o
                0x0000000008004918                LSM6DSO_ACC_GetAxesRaw
 .text.LSM6DSO_ACC_GetAxes
                0x0000000008004960       0xae ./Drivers/BSP/Components/lsm6dso/lsm6dso.o
                0x0000000008004960                LSM6DSO_ACC_GetAxes
 .text.LSM6DSO_GYRO_Enable
                0x0000000008004a0e       0x48 ./Drivers/BSP/Components/lsm6dso/lsm6dso.o
                0x0000000008004a0e                LSM6DSO_GYRO_Enable
 .text.LSM6DSO_GYRO_Disable
                0x0000000008004a56       0x5e ./Drivers/BSP/Components/lsm6dso/lsm6dso.o
                0x0000000008004a56                LSM6DSO_GYRO_Disable
 .text.LSM6DSO_GYRO_GetSensitivity
                0x0000000008004ab4       0xa4 ./Drivers/BSP/Components/lsm6dso/lsm6dso.o
                0x0000000008004ab4                LSM6DSO_GYRO_GetSensitivity
 .text.LSM6DSO_GYRO_GetOutputDataRate
                0x0000000008004b58       0xf8 ./Drivers/BSP/Components/lsm6dso/lsm6dso.o
                0x0000000008004b58                LSM6DSO_GYRO_GetOutputDataRate
 .text.LSM6DSO_GYRO_SetOutputDataRate
                0x0000000008004c50       0x22 ./Drivers/BSP/Components/lsm6dso/lsm6dso.o
                0x0000000008004c50                LSM6DSO_GYRO_SetOutputDataRate
 *fill*         0x0000000008004c72        0x2 
 .text.LSM6DSO_GYRO_SetOutputDataRate_With_Mode
                0x0000000008004c74      0x12c ./Drivers/BSP/Components/lsm6dso/lsm6dso.o
                0x0000000008004c74                LSM6DSO_GYRO_SetOutputDataRate_With_Mode
 .text.LSM6DSO_GYRO_GetFullScale
                0x0000000008004da0       0x94 ./Drivers/BSP/Components/lsm6dso/lsm6dso.o
                0x0000000008004da0                LSM6DSO_GYRO_GetFullScale
 .text.LSM6DSO_GYRO_SetFullScale
                0x0000000008004e34       0x5e ./Drivers/BSP/Components/lsm6dso/lsm6dso.o
                0x0000000008004e34                LSM6DSO_GYRO_SetFullScale
 .text.LSM6DSO_GYRO_GetAxesRaw
                0x0000000008004e92       0x48 ./Drivers/BSP/Components/lsm6dso/lsm6dso.o
                0x0000000008004e92                LSM6DSO_GYRO_GetAxesRaw
 .text.LSM6DSO_GYRO_GetAxes
                0x0000000008004eda       0xa8 ./Drivers/BSP/Components/lsm6dso/lsm6dso.o
                0x0000000008004eda                LSM6DSO_GYRO_GetAxes
 .text.LSM6DSO_Write_Reg
                0x0000000008004f82       0x36 ./Drivers/BSP/Components/lsm6dso/lsm6dso.o
                0x0000000008004f82                LSM6DSO_Write_Reg
 .text.LSM6DSO_ACC_SetOutputDataRate_When_Enabled
                0x0000000008004fb8      0x130 ./Drivers/BSP/Components/lsm6dso/lsm6dso.o
 .text.LSM6DSO_ACC_SetOutputDataRate_When_Disabled
                0x00000000080050e8      0x120 ./Drivers/BSP/Components/lsm6dso/lsm6dso.o
 .text.LSM6DSO_GYRO_SetOutputDataRate_When_Enabled
                0x0000000008005208      0x118 ./Drivers/BSP/Components/lsm6dso/lsm6dso.o
 .text.LSM6DSO_GYRO_SetOutputDataRate_When_Disabled
                0x0000000008005320      0x104 ./Drivers/BSP/Components/lsm6dso/lsm6dso.o
 .text.ReadRegWrap
                0x0000000008005424       0x36 ./Drivers/BSP/Components/lsm6dso/lsm6dso.o
 .text.WriteRegWrap
                0x000000000800545a       0x36 ./Drivers/BSP/Components/lsm6dso/lsm6dso.o
 .text.lsm6dso_read_reg
                0x0000000008005490       0x30 ./Drivers/BSP/Components/lsm6dso/lsm6dso_reg.o
                0x0000000008005490                lsm6dso_read_reg
 .text.lsm6dso_write_reg
                0x00000000080054c0       0x30 ./Drivers/BSP/Components/lsm6dso/lsm6dso_reg.o
                0x00000000080054c0                lsm6dso_write_reg
 .text.lsm6dso_xl_full_scale_set
                0x00000000080054f0       0x4c ./Drivers/BSP/Components/lsm6dso/lsm6dso_reg.o
                0x00000000080054f0                lsm6dso_xl_full_scale_set
 .text.lsm6dso_xl_full_scale_get
                0x000000000800553c       0x70 ./Drivers/BSP/Components/lsm6dso/lsm6dso_reg.o
                0x000000000800553c                lsm6dso_xl_full_scale_get
 .text.lsm6dso_xl_data_rate_set
                0x00000000080055ac      0x1f4 ./Drivers/BSP/Components/lsm6dso/lsm6dso_reg.o
                0x00000000080055ac                lsm6dso_xl_data_rate_set
 .text.lsm6dso_xl_data_rate_get
                0x00000000080057a0       0xd0 ./Drivers/BSP/Components/lsm6dso/lsm6dso_reg.o
                0x00000000080057a0                lsm6dso_xl_data_rate_get
 .text.lsm6dso_gy_full_scale_set
                0x0000000008005870       0x4c ./Drivers/BSP/Components/lsm6dso/lsm6dso_reg.o
                0x0000000008005870                lsm6dso_gy_full_scale_set
 .text.lsm6dso_gy_full_scale_get
                0x00000000080058bc       0x84 ./Drivers/BSP/Components/lsm6dso/lsm6dso_reg.o
                0x00000000080058bc                lsm6dso_gy_full_scale_get
 .text.lsm6dso_gy_data_rate_set
                0x0000000008005940      0x1f4 ./Drivers/BSP/Components/lsm6dso/lsm6dso_reg.o
                0x0000000008005940                lsm6dso_gy_data_rate_set
 .text.lsm6dso_gy_data_rate_get
                0x0000000008005b34       0xc4 ./Drivers/BSP/Components/lsm6dso/lsm6dso_reg.o
                0x0000000008005b34                lsm6dso_gy_data_rate_get
 .text.lsm6dso_block_data_update_set
                0x0000000008005bf8       0x4c ./Drivers/BSP/Components/lsm6dso/lsm6dso_reg.o
                0x0000000008005bf8                lsm6dso_block_data_update_set
 .text.lsm6dso_angular_rate_raw_get
                0x0000000008005c44       0x96 ./Drivers/BSP/Components/lsm6dso/lsm6dso_reg.o
                0x0000000008005c44                lsm6dso_angular_rate_raw_get
 .text.lsm6dso_acceleration_raw_get
                0x0000000008005cda       0x96 ./Drivers/BSP/Components/lsm6dso/lsm6dso_reg.o
                0x0000000008005cda                lsm6dso_acceleration_raw_get
 .text.lsm6dso_mem_bank_set
                0x0000000008005d70       0x3a ./Drivers/BSP/Components/lsm6dso/lsm6dso_reg.o
                0x0000000008005d70                lsm6dso_mem_bank_set
 .text.lsm6dso_device_id_get
                0x0000000008005daa       0x22 ./Drivers/BSP/Components/lsm6dso/lsm6dso_reg.o
                0x0000000008005daa                lsm6dso_device_id_get
 .text.lsm6dso_auto_increment_set
                0x0000000008005dcc       0x4c ./Drivers/BSP/Components/lsm6dso/lsm6dso_reg.o
                0x0000000008005dcc                lsm6dso_auto_increment_set
 .text.lsm6dso_i3c_disable_set
                0x0000000008005e18       0x90 ./Drivers/BSP/Components/lsm6dso/lsm6dso_reg.o
                0x0000000008005e18                lsm6dso_i3c_disable_set
 .text.lsm6dso_fifo_mode_set
                0x0000000008005ea8       0x4c ./Drivers/BSP/Components/lsm6dso/lsm6dso_reg.o
                0x0000000008005ea8                lsm6dso_fifo_mode_set
 .text.lsm6dso_fsm_enable_get
                0x0000000008005ef4       0x42 ./Drivers/BSP/Components/lsm6dso/lsm6dso_reg.o
                0x0000000008005ef4                lsm6dso_fsm_enable_get
 *fill*         0x0000000008005f36        0x2 
 .text.lsm6dso_fsm_data_rate_get
                0x0000000008005f38       0x9c ./Drivers/BSP/Components/lsm6dso/lsm6dso_reg.o
                0x0000000008005f38                lsm6dso_fsm_data_rate_get
 .text.IKS01A3_MOTION_SENSOR_Init
                0x0000000008005fd4      0x1f8 ./Drivers/BSP/IKS01A3/iks01a3_motion_sensors.o
                0x0000000008005fd4                IKS01A3_MOTION_SENSOR_Init
 .text.IKS01A3_MOTION_SENSOR_GetAxes
                0x00000000080061cc       0x88 ./Drivers/BSP/IKS01A3/iks01a3_motion_sensors.o
                0x00000000080061cc                IKS01A3_MOTION_SENSOR_GetAxes
 .text.IKS01A3_MOTION_SENSOR_SetOutputDataRate
                0x0000000008006254       0x8c ./Drivers/BSP/IKS01A3/iks01a3_motion_sensors.o
                0x0000000008006254                IKS01A3_MOTION_SENSOR_SetOutputDataRate
 .text.IKS01A3_MOTION_SENSOR_SetFullScale
                0x00000000080062e0       0x88 ./Drivers/BSP/IKS01A3/iks01a3_motion_sensors.o
                0x00000000080062e0                IKS01A3_MOTION_SENSOR_SetFullScale
 .text.LSM6DSO_0_Probe
                0x0000000008006368      0x180 ./Drivers/BSP/IKS01A3/iks01a3_motion_sensors.o
 .text.LIS2DW12_0_Probe
                0x00000000080064e8      0x150 ./Drivers/BSP/IKS01A3/iks01a3_motion_sensors.o
 .text.LIS2MDL_0_Probe
                0x0000000008006638      0x150 ./Drivers/BSP/IKS01A3/iks01a3_motion_sensors.o
 .text.HAL_Init
                0x0000000008006788       0x40 ./Drivers/STM32WBxx_HAL_Driver/Src/stm32wbxx_hal.o
                0x0000000008006788                HAL_Init
 .text.HAL_InitTick
                0x00000000080067c8       0x74 ./Drivers/STM32WBxx_HAL_Driver/Src/stm32wbxx_hal.o
                0x00000000080067c8                HAL_InitTick
 .text.HAL_IncTick
                0x000000000800683c       0x28 ./Drivers/STM32WBxx_HAL_Driver/Src/stm32wbxx_hal.o
                0x000000000800683c                HAL_IncTick
 .text.HAL_GetTick
                0x0000000008006864       0x18 ./Drivers/STM32WBxx_HAL_Driver/Src/stm32wbxx_hal.o
                0x0000000008006864                HAL_GetTick
 .text.HAL_GetTickPrio
                0x000000000800687c       0x18 ./Drivers/STM32WBxx_HAL_Driver/Src/stm32wbxx_hal.o
                0x000000000800687c                HAL_GetTickPrio
 .text.HAL_Delay
                0x0000000008006894       0x48 ./Drivers/STM32WBxx_HAL_Driver/Src/stm32wbxx_hal.o
                0x0000000008006894                HAL_Delay
 .text.__NVIC_SetPriorityGrouping
                0x00000000080068dc       0x48 ./Drivers/STM32WBxx_HAL_Driver/Src/stm32wbxx_hal_cortex.o
 .text.__NVIC_GetPriorityGrouping
                0x0000000008006924       0x1c ./Drivers/STM32WBxx_HAL_Driver/Src/stm32wbxx_hal_cortex.o
 .text.__NVIC_SetPriority
                0x0000000008006940       0x54 ./Drivers/STM32WBxx_HAL_Driver/Src/stm32wbxx_hal_cortex.o
 .text.NVIC_EncodePriority
                0x0000000008006994       0x66 ./Drivers/STM32WBxx_HAL_Driver/Src/stm32wbxx_hal_cortex.o
 *fill*         0x00000000080069fa        0x2 
 .text.SysTick_Config
                0x00000000080069fc       0x44 ./Drivers/STM32WBxx_HAL_Driver/Src/stm32wbxx_hal_cortex.o
 .text.HAL_NVIC_SetPriorityGrouping
                0x0000000008006a40       0x16 ./Drivers/STM32WBxx_HAL_Driver/Src/stm32wbxx_hal_cortex.o
                0x0000000008006a40                HAL_NVIC_SetPriorityGrouping
 .text.HAL_NVIC_SetPriority
                0x0000000008006a56       0x34 ./Drivers/STM32WBxx_HAL_Driver/Src/stm32wbxx_hal_cortex.o
                0x0000000008006a56                HAL_NVIC_SetPriority
 .text.HAL_SYSTICK_Config
                0x0000000008006a8a       0x18 ./Drivers/STM32WBxx_HAL_Driver/Src/stm32wbxx_hal_cortex.o
                0x0000000008006a8a                HAL_SYSTICK_Config
 *fill*         0x0000000008006aa2        0x2 
 .text.HAL_GPIO_Init
                0x0000000008006aa4      0x2e0 ./Drivers/STM32WBxx_HAL_Driver/Src/stm32wbxx_hal_gpio.o
                0x0000000008006aa4                HAL_GPIO_Init
 .text.HAL_GPIO_DeInit
                0x0000000008006d84      0x1bc ./Drivers/STM32WBxx_HAL_Driver/Src/stm32wbxx_hal_gpio.o
                0x0000000008006d84                HAL_GPIO_DeInit
 .text.HAL_GPIO_WritePin
                0x0000000008006f40       0x30 ./Drivers/STM32WBxx_HAL_Driver/Src/stm32wbxx_hal_gpio.o
                0x0000000008006f40                HAL_GPIO_WritePin
 .text.HAL_I2C_Init
                0x0000000008006f70      0x136 ./Drivers/STM32WBxx_HAL_Driver/Src/stm32wbxx_hal_i2c.o
                0x0000000008006f70                HAL_I2C_Init
 .text.HAL_I2C_DeInit
                0x00000000080070a6       0x5e ./Drivers/STM32WBxx_HAL_Driver/Src/stm32wbxx_hal_i2c.o
                0x00000000080070a6                HAL_I2C_DeInit
 .text.HAL_I2C_MspInit
                0x0000000008007104       0x14 ./Drivers/STM32WBxx_HAL_Driver/Src/stm32wbxx_hal_i2c.o
                0x0000000008007104                HAL_I2C_MspInit
 .text.HAL_I2C_MspDeInit
                0x0000000008007118       0x14 ./Drivers/STM32WBxx_HAL_Driver/Src/stm32wbxx_hal_i2c.o
                0x0000000008007118                HAL_I2C_MspDeInit
 .text.HAL_I2C_Mem_Write
                0x000000000800712c      0x228 ./Drivers/STM32WBxx_HAL_Driver/Src/stm32wbxx_hal_i2c.o
                0x000000000800712c                HAL_I2C_Mem_Write
 .text.HAL_I2C_Mem_Read
                0x0000000008007354      0x234 ./Drivers/STM32WBxx_HAL_Driver/Src/stm32wbxx_hal_i2c.o
                0x0000000008007354                HAL_I2C_Mem_Read
 .text.HAL_I2C_GetState
                0x0000000008007588       0x1c ./Drivers/STM32WBxx_HAL_Driver/Src/stm32wbxx_hal_i2c.o
                0x0000000008007588                HAL_I2C_GetState
 .text.HAL_I2C_GetError
                0x00000000080075a4       0x18 ./Drivers/STM32WBxx_HAL_Driver/Src/stm32wbxx_hal_i2c.o
                0x00000000080075a4                HAL_I2C_GetError
 .text.I2C_RequestMemoryWrite
                0x00000000080075bc       0xa8 ./Drivers/STM32WBxx_HAL_Driver/Src/stm32wbxx_hal_i2c.o
 .text.I2C_RequestMemoryRead
                0x0000000008007664       0xa8 ./Drivers/STM32WBxx_HAL_Driver/Src/stm32wbxx_hal_i2c.o
 .text.I2C_Flush_TXDR
                0x000000000800770c       0x48 ./Drivers/STM32WBxx_HAL_Driver/Src/stm32wbxx_hal_i2c.o
 .text.I2C_WaitOnFlagUntilTimeout
                0x0000000008007754       0xb2 ./Drivers/STM32WBxx_HAL_Driver/Src/stm32wbxx_hal_i2c.o
 .text.I2C_WaitOnTXISFlagUntilTimeout
                0x0000000008007806       0x8e ./Drivers/STM32WBxx_HAL_Driver/Src/stm32wbxx_hal_i2c.o
 .text.I2C_WaitOnSTOPFlagUntilTimeout
                0x0000000008007894       0x86 ./Drivers/STM32WBxx_HAL_Driver/Src/stm32wbxx_hal_i2c.o
 *fill*         0x000000000800791a        0x2 
 .text.I2C_IsErrorOccurred
                0x000000000800791c      0x1c0 ./Drivers/STM32WBxx_HAL_Driver/Src/stm32wbxx_hal_i2c.o
 .text.I2C_TransferConfig
                0x0000000008007adc       0x64 ./Drivers/STM32WBxx_HAL_Driver/Src/stm32wbxx_hal_i2c.o
 .text.HAL_I2CEx_ConfigAnalogFilter
                0x0000000008007b40       0x96 ./Drivers/STM32WBxx_HAL_Driver/Src/stm32wbxx_hal_i2c_ex.o
                0x0000000008007b40                HAL_I2CEx_ConfigAnalogFilter
 .text.HAL_I2CEx_ConfigDigitalFilter
                0x0000000008007bd6       0x98 ./Drivers/STM32WBxx_HAL_Driver/Src/stm32wbxx_hal_i2c_ex.o
                0x0000000008007bd6                HAL_I2CEx_ConfigDigitalFilter
 .text.HAL_PCD_Init
                0x0000000008007c6e      0x19c ./Drivers/STM32WBxx_HAL_Driver/Src/stm32wbxx_hal_pcd.o
                0x0000000008007c6e                HAL_PCD_Init
 .text.HAL_PCDEx_ActivateLPM
                0x0000000008007e0a       0x54 ./Drivers/STM32WBxx_HAL_Driver/Src/stm32wbxx_hal_pcd_ex.o
                0x0000000008007e0a                HAL_PCDEx_ActivateLPM
 *fill*         0x0000000008007e5e        0x2 
 .text.HAL_PWR_EnableBkUpAccess
                0x0000000008007e60       0x20 ./Drivers/STM32WBxx_HAL_Driver/Src/stm32wbxx_hal_pwr.o
                0x0000000008007e60                HAL_PWR_EnableBkUpAccess
 .text.HAL_PWREx_GetVoltageRange
                0x0000000008007e80       0x1c ./Drivers/STM32WBxx_HAL_Driver/Src/stm32wbxx_hal_pwr_ex.o
                0x0000000008007e80                HAL_PWREx_GetVoltageRange
 .text.LL_RCC_HSE_IsEnabledDiv2
                0x0000000008007e9c       0x24 ./Drivers/STM32WBxx_HAL_Driver/Src/stm32wbxx_hal_rcc.o
 .text.LL_RCC_HSE_Enable
                0x0000000008007ec0       0x1e ./Drivers/STM32WBxx_HAL_Driver/Src/stm32wbxx_hal_rcc.o
 .text.LL_RCC_HSE_Disable
                0x0000000008007ede       0x1e ./Drivers/STM32WBxx_HAL_Driver/Src/stm32wbxx_hal_rcc.o
 .text.LL_RCC_HSE_IsReady
                0x0000000008007efc       0x24 ./Drivers/STM32WBxx_HAL_Driver/Src/stm32wbxx_hal_rcc.o
 .text.LL_RCC_HSI_Enable
                0x0000000008007f20       0x1e ./Drivers/STM32WBxx_HAL_Driver/Src/stm32wbxx_hal_rcc.o
 .text.LL_RCC_HSI_Disable
                0x0000000008007f3e       0x1e ./Drivers/STM32WBxx_HAL_Driver/Src/stm32wbxx_hal_rcc.o
 .text.LL_RCC_HSI_IsReady
                0x0000000008007f5c       0x24 ./Drivers/STM32WBxx_HAL_Driver/Src/stm32wbxx_hal_rcc.o
 .text.LL_RCC_HSI_SetCalibTrimming
                0x0000000008007f80       0x2a ./Drivers/STM32WBxx_HAL_Driver/Src/stm32wbxx_hal_rcc.o
 .text.LL_RCC_HSI48_Enable
                0x0000000008007faa       0x22 ./Drivers/STM32WBxx_HAL_Driver/Src/stm32wbxx_hal_rcc.o
 .text.LL_RCC_HSI48_Disable
                0x0000000008007fcc       0x22 ./Drivers/STM32WBxx_HAL_Driver/Src/stm32wbxx_hal_rcc.o
 .text.LL_RCC_HSI48_IsReady
                0x0000000008007fee       0x24 ./Drivers/STM32WBxx_HAL_Driver/Src/stm32wbxx_hal_rcc.o
 .text.LL_RCC_LSE_Enable
                0x0000000008008012       0x22 ./Drivers/STM32WBxx_HAL_Driver/Src/stm32wbxx_hal_rcc.o
 .text.LL_RCC_LSE_Disable
                0x0000000008008034       0x22 ./Drivers/STM32WBxx_HAL_Driver/Src/stm32wbxx_hal_rcc.o
 .text.LL_RCC_LSE_EnableBypass
                0x0000000008008056       0x22 ./Drivers/STM32WBxx_HAL_Driver/Src/stm32wbxx_hal_rcc.o
 .text.LL_RCC_LSE_DisableBypass
                0x0000000008008078       0x22 ./Drivers/STM32WBxx_HAL_Driver/Src/stm32wbxx_hal_rcc.o
 .text.LL_RCC_LSE_IsReady
                0x000000000800809a       0x24 ./Drivers/STM32WBxx_HAL_Driver/Src/stm32wbxx_hal_rcc.o
 .text.LL_RCC_LSI1_Enable
                0x00000000080080be       0x22 ./Drivers/STM32WBxx_HAL_Driver/Src/stm32wbxx_hal_rcc.o
 .text.LL_RCC_LSI1_Disable
                0x00000000080080e0       0x22 ./Drivers/STM32WBxx_HAL_Driver/Src/stm32wbxx_hal_rcc.o
 .text.LL_RCC_LSI1_IsReady
                0x0000000008008102       0x24 ./Drivers/STM32WBxx_HAL_Driver/Src/stm32wbxx_hal_rcc.o
 .text.LL_RCC_LSI2_Enable
                0x0000000008008126       0x22 ./Drivers/STM32WBxx_HAL_Driver/Src/stm32wbxx_hal_rcc.o
 .text.LL_RCC_LSI2_Disable
                0x0000000008008148       0x22 ./Drivers/STM32WBxx_HAL_Driver/Src/stm32wbxx_hal_rcc.o
 .text.LL_RCC_LSI2_IsReady
                0x000000000800816a       0x24 ./Drivers/STM32WBxx_HAL_Driver/Src/stm32wbxx_hal_rcc.o
 .text.LL_RCC_LSI2_SetTrimming
                0x000000000800818e       0x2e ./Drivers/STM32WBxx_HAL_Driver/Src/stm32wbxx_hal_rcc.o
 .text.LL_RCC_MSI_Enable
                0x00000000080081bc       0x1e ./Drivers/STM32WBxx_HAL_Driver/Src/stm32wbxx_hal_rcc.o
 .text.LL_RCC_MSI_Disable
                0x00000000080081da       0x1e ./Drivers/STM32WBxx_HAL_Driver/Src/stm32wbxx_hal_rcc.o
 .text.LL_RCC_MSI_IsReady
                0x00000000080081f8       0x22 ./Drivers/STM32WBxx_HAL_Driver/Src/stm32wbxx_hal_rcc.o
 .text.LL_RCC_MSI_SetRange
                0x000000000800821a       0x28 ./Drivers/STM32WBxx_HAL_Driver/Src/stm32wbxx_hal_rcc.o
 .text.LL_RCC_MSI_GetRange
                0x0000000008008242       0x2a ./Drivers/STM32WBxx_HAL_Driver/Src/stm32wbxx_hal_rcc.o
 .text.LL_RCC_MSI_SetCalibTrimming
                0x000000000800826c       0x2a ./Drivers/STM32WBxx_HAL_Driver/Src/stm32wbxx_hal_rcc.o
 .text.LL_RCC_SetSysClkSource
                0x0000000008008296       0x28 ./Drivers/STM32WBxx_HAL_Driver/Src/stm32wbxx_hal_rcc.o
 .text.LL_RCC_GetSysClkSource
                0x00000000080082be       0x18 ./Drivers/STM32WBxx_HAL_Driver/Src/stm32wbxx_hal_rcc.o
 .text.LL_RCC_SetAHBPrescaler
                0x00000000080082d6       0x28 ./Drivers/STM32WBxx_HAL_Driver/Src/stm32wbxx_hal_rcc.o
 .text.LL_C2_RCC_SetAHBPrescaler
                0x00000000080082fe       0x2c ./Drivers/STM32WBxx_HAL_Driver/Src/stm32wbxx_hal_rcc.o
 .text.LL_RCC_SetAHB4Prescaler
                0x000000000800832a       0x2e ./Drivers/STM32WBxx_HAL_Driver/Src/stm32wbxx_hal_rcc.o
 .text.LL_RCC_SetAPB1Prescaler
                0x0000000008008358       0x28 ./Drivers/STM32WBxx_HAL_Driver/Src/stm32wbxx_hal_rcc.o
 .text.LL_RCC_SetAPB2Prescaler
                0x0000000008008380       0x28 ./Drivers/STM32WBxx_HAL_Driver/Src/stm32wbxx_hal_rcc.o
 .text.LL_RCC_GetAHBPrescaler
                0x00000000080083a8       0x18 ./Drivers/STM32WBxx_HAL_Driver/Src/stm32wbxx_hal_rcc.o
 .text.LL_RCC_GetAHB4Prescaler
                0x00000000080083c0       0x1c ./Drivers/STM32WBxx_HAL_Driver/Src/stm32wbxx_hal_rcc.o
 .text.LL_RCC_GetAPB1Prescaler
                0x00000000080083dc       0x18 ./Drivers/STM32WBxx_HAL_Driver/Src/stm32wbxx_hal_rcc.o
 .text.LL_RCC_GetAPB2Prescaler
                0x00000000080083f4       0x18 ./Drivers/STM32WBxx_HAL_Driver/Src/stm32wbxx_hal_rcc.o
 .text.LL_RCC_PLL_Enable
                0x000000000800840c       0x1e ./Drivers/STM32WBxx_HAL_Driver/Src/stm32wbxx_hal_rcc.o
 .text.LL_RCC_PLL_Disable
                0x000000000800842a       0x1e ./Drivers/STM32WBxx_HAL_Driver/Src/stm32wbxx_hal_rcc.o
 .text.LL_RCC_PLL_IsReady
                0x0000000008008448       0x24 ./Drivers/STM32WBxx_HAL_Driver/Src/stm32wbxx_hal_rcc.o
 .text.LL_RCC_PLL_GetN
                0x000000000800846c       0x1a ./Drivers/STM32WBxx_HAL_Driver/Src/stm32wbxx_hal_rcc.o
 .text.LL_RCC_PLL_GetR
                0x0000000008008486       0x18 ./Drivers/STM32WBxx_HAL_Driver/Src/stm32wbxx_hal_rcc.o
 .text.LL_RCC_PLL_GetDivider
                0x000000000800849e       0x18 ./Drivers/STM32WBxx_HAL_Driver/Src/stm32wbxx_hal_rcc.o
 .text.LL_RCC_PLL_GetMainSource
                0x00000000080084b6       0x18 ./Drivers/STM32WBxx_HAL_Driver/Src/stm32wbxx_hal_rcc.o
 .text.LL_RCC_IsActiveFlag_HPRE
                0x00000000080084ce       0x24 ./Drivers/STM32WBxx_HAL_Driver/Src/stm32wbxx_hal_rcc.o
 .text.LL_RCC_IsActiveFlag_C2HPRE
                0x00000000080084f2       0x26 ./Drivers/STM32WBxx_HAL_Driver/Src/stm32wbxx_hal_rcc.o
 .text.LL_RCC_IsActiveFlag_SHDHPRE
                0x0000000008008518       0x26 ./Drivers/STM32WBxx_HAL_Driver/Src/stm32wbxx_hal_rcc.o
 .text.LL_RCC_IsActiveFlag_PPRE1
                0x000000000800853e       0x24 ./Drivers/STM32WBxx_HAL_Driver/Src/stm32wbxx_hal_rcc.o
 .text.LL_RCC_IsActiveFlag_PPRE2
                0x0000000008008562       0x24 ./Drivers/STM32WBxx_HAL_Driver/Src/stm32wbxx_hal_rcc.o
 *fill*         0x0000000008008586        0x2 
 .text.HAL_RCC_OscConfig
                0x0000000008008588      0x6e8 ./Drivers/STM32WBxx_HAL_Driver/Src/stm32wbxx_hal_rcc.o
                0x0000000008008588                HAL_RCC_OscConfig
 .text.HAL_RCC_ClockConfig
                0x0000000008008c70      0x280 ./Drivers/STM32WBxx_HAL_Driver/Src/stm32wbxx_hal_rcc.o
                0x0000000008008c70                HAL_RCC_ClockConfig
 .text.HAL_RCC_GetSysClockFreq
                0x0000000008008ef0       0xd8 ./Drivers/STM32WBxx_HAL_Driver/Src/stm32wbxx_hal_rcc.o
                0x0000000008008ef0                HAL_RCC_GetSysClockFreq
 .text.HAL_RCC_GetHCLKFreq
                0x0000000008008fc8       0x28 ./Drivers/STM32WBxx_HAL_Driver/Src/stm32wbxx_hal_rcc.o
                0x0000000008008fc8                HAL_RCC_GetHCLKFreq
 .text.HAL_RCC_GetPCLK1Freq
                0x0000000008008ff0       0x2c ./Drivers/STM32WBxx_HAL_Driver/Src/stm32wbxx_hal_rcc.o
                0x0000000008008ff0                HAL_RCC_GetPCLK1Freq
 .text.HAL_RCC_GetPCLK2Freq
                0x000000000800901c       0x2c ./Drivers/STM32WBxx_HAL_Driver/Src/stm32wbxx_hal_rcc.o
                0x000000000800901c                HAL_RCC_GetPCLK2Freq
 .text.RCC_SetFlashLatencyFromMSIRange
                0x0000000008009048       0x70 ./Drivers/STM32WBxx_HAL_Driver/Src/stm32wbxx_hal_rcc.o
 .text.RCC_SetFlashLatency
                0x00000000080090b8       0xf8 ./Drivers/STM32WBxx_HAL_Driver/Src/stm32wbxx_hal_rcc.o
 .text.LL_RCC_LSE_IsEnabled
                0x00000000080091b0       0x24 ./Drivers/STM32WBxx_HAL_Driver/Src/stm32wbxx_hal_rcc_ex.o
 .text.LL_RCC_LSE_IsReady
                0x00000000080091d4       0x24 ./Drivers/STM32WBxx_HAL_Driver/Src/stm32wbxx_hal_rcc_ex.o
 .text.LL_RCC_MSI_EnablePLLMode
                0x00000000080091f8       0x1e ./Drivers/STM32WBxx_HAL_Driver/Src/stm32wbxx_hal_rcc_ex.o
 .text.LL_RCC_SetRFWKPClockSource
                0x0000000008009216       0x2c ./Drivers/STM32WBxx_HAL_Driver/Src/stm32wbxx_hal_rcc_ex.o
 .text.LL_RCC_SetSMPSClockSource
                0x0000000008009242       0x28 ./Drivers/STM32WBxx_HAL_Driver/Src/stm32wbxx_hal_rcc_ex.o
 .text.LL_RCC_SetSMPSPrescaler
                0x000000000800926a       0x28 ./Drivers/STM32WBxx_HAL_Driver/Src/stm32wbxx_hal_rcc_ex.o
 .text.LL_RCC_SetUSARTClockSource
                0x0000000008009292       0x2c ./Drivers/STM32WBxx_HAL_Driver/Src/stm32wbxx_hal_rcc_ex.o
 .text.LL_RCC_SetLPUARTClockSource
                0x00000000080092be       0x2c ./Drivers/STM32WBxx_HAL_Driver/Src/stm32wbxx_hal_rcc_ex.o
 .text.LL_RCC_SetI2CClockSource
                0x00000000080092ea       0x3a ./Drivers/STM32WBxx_HAL_Driver/Src/stm32wbxx_hal_rcc_ex.o
 .text.LL_RCC_SetLPTIMClockSource
                0x0000000008009324       0x34 ./Drivers/STM32WBxx_HAL_Driver/Src/stm32wbxx_hal_rcc_ex.o
 .text.LL_RCC_SetSAIClockSource
                0x0000000008009358       0x2c ./Drivers/STM32WBxx_HAL_Driver/Src/stm32wbxx_hal_rcc_ex.o
 .text.LL_RCC_SetRNGClockSource
                0x0000000008009384       0x2c ./Drivers/STM32WBxx_HAL_Driver/Src/stm32wbxx_hal_rcc_ex.o
 .text.LL_RCC_SetCLK48ClockSource
                0x00000000080093b0       0x2c ./Drivers/STM32WBxx_HAL_Driver/Src/stm32wbxx_hal_rcc_ex.o
 .text.LL_RCC_SetUSBClockSource
                0x00000000080093dc       0x16 ./Drivers/STM32WBxx_HAL_Driver/Src/stm32wbxx_hal_rcc_ex.o
 .text.LL_RCC_SetADCClockSource
                0x00000000080093f2       0x2c ./Drivers/STM32WBxx_HAL_Driver/Src/stm32wbxx_hal_rcc_ex.o
 .text.LL_RCC_SetRTCClockSource
                0x000000000800941e       0x2c ./Drivers/STM32WBxx_HAL_Driver/Src/stm32wbxx_hal_rcc_ex.o
 .text.LL_RCC_GetRTCClockSource
                0x000000000800944a       0x1a ./Drivers/STM32WBxx_HAL_Driver/Src/stm32wbxx_hal_rcc_ex.o
 .text.LL_RCC_ForceBackupDomainReset
                0x0000000008009464       0x22 ./Drivers/STM32WBxx_HAL_Driver/Src/stm32wbxx_hal_rcc_ex.o
 .text.LL_RCC_ReleaseBackupDomainReset
                0x0000000008009486       0x22 ./Drivers/STM32WBxx_HAL_Driver/Src/stm32wbxx_hal_rcc_ex.o
 .text.LL_RCC_PLLSAI1_Enable
                0x00000000080094a8       0x1e ./Drivers/STM32WBxx_HAL_Driver/Src/stm32wbxx_hal_rcc_ex.o
 .text.LL_RCC_PLLSAI1_Disable
                0x00000000080094c6       0x1e ./Drivers/STM32WBxx_HAL_Driver/Src/stm32wbxx_hal_rcc_ex.o
 .text.LL_RCC_PLLSAI1_IsReady
                0x00000000080094e4       0x24 ./Drivers/STM32WBxx_HAL_Driver/Src/stm32wbxx_hal_rcc_ex.o
 .text.HAL_RCCEx_PeriphCLKConfig
                0x0000000008009508      0x2ec ./Drivers/STM32WBxx_HAL_Driver/Src/stm32wbxx_hal_rcc_ex.o
                0x0000000008009508                HAL_RCCEx_PeriphCLKConfig
 .text.HAL_RCCEx_EnableMSIPLLMode
                0x00000000080097f4        0xc ./Drivers/STM32WBxx_HAL_Driver/Src/stm32wbxx_hal_rcc_ex.o
                0x00000000080097f4                HAL_RCCEx_EnableMSIPLLMode
 .text.RCCEx_PLLSAI1_ConfigNP
                0x0000000008009800       0xb6 ./Drivers/STM32WBxx_HAL_Driver/Src/stm32wbxx_hal_rcc_ex.o
 .text.RCCEx_PLLSAI1_ConfigNQ
                0x00000000080098b6       0xb6 ./Drivers/STM32WBxx_HAL_Driver/Src/stm32wbxx_hal_rcc_ex.o
 .text.RCCEx_PLLSAI1_ConfigNR
                0x000000000800996c       0xb6 ./Drivers/STM32WBxx_HAL_Driver/Src/stm32wbxx_hal_rcc_ex.o
 .text.LL_RCC_GetUSARTClockSource
                0x0000000008009a22       0x20 ./Drivers/STM32WBxx_HAL_Driver/Src/stm32wbxx_hal_uart.o
 .text.LL_RCC_GetLPUARTClockSource
                0x0000000008009a42       0x20 ./Drivers/STM32WBxx_HAL_Driver/Src/stm32wbxx_hal_uart.o
 .text.HAL_UART_Init
                0x0000000008009a62       0xa0 ./Drivers/STM32WBxx_HAL_Driver/Src/stm32wbxx_hal_uart.o
                0x0000000008009a62                HAL_UART_Init
 *fill*         0x0000000008009b02        0x2 
 .text.UART_SetConfig
                0x0000000008009b04      0x450 ./Drivers/STM32WBxx_HAL_Driver/Src/stm32wbxx_hal_uart.o
                0x0000000008009b04                UART_SetConfig
 .text.UART_AdvFeatureConfig
                0x0000000008009f54      0x144 ./Drivers/STM32WBxx_HAL_Driver/Src/stm32wbxx_hal_uart.o
                0x0000000008009f54                UART_AdvFeatureConfig
 .text.UART_CheckIdleState
                0x000000000800a098      0x154 ./Drivers/STM32WBxx_HAL_Driver/Src/stm32wbxx_hal_uart.o
                0x000000000800a098                UART_CheckIdleState
 .text.UART_WaitOnFlagUntilTimeout
                0x000000000800a1ec       0xda ./Drivers/STM32WBxx_HAL_Driver/Src/stm32wbxx_hal_uart.o
                0x000000000800a1ec                UART_WaitOnFlagUntilTimeout
 .text.UART_EndRxTransfer
                0x000000000800a2c6       0xcc ./Drivers/STM32WBxx_HAL_Driver/Src/stm32wbxx_hal_uart.o
 .text.HAL_UARTEx_DisableFifoMode
                0x000000000800a392       0x72 ./Drivers/STM32WBxx_HAL_Driver/Src/stm32wbxx_hal_uart_ex.o
                0x000000000800a392                HAL_UARTEx_DisableFifoMode
 .text.HAL_UARTEx_SetTxFifoThreshold
                0x000000000800a404       0x7c ./Drivers/STM32WBxx_HAL_Driver/Src/stm32wbxx_hal_uart_ex.o
                0x000000000800a404                HAL_UARTEx_SetTxFifoThreshold
 .text.HAL_UARTEx_SetRxFifoThreshold
                0x000000000800a480       0x7c ./Drivers/STM32WBxx_HAL_Driver/Src/stm32wbxx_hal_uart_ex.o
                0x000000000800a480                HAL_UARTEx_SetRxFifoThreshold
 .text.UARTEx_SetNbDataToProcess
                0x000000000800a4fc       0x9c ./Drivers/STM32WBxx_HAL_Driver/Src/stm32wbxx_hal_uart_ex.o
 .text.USB_DisableGlobalInt
                0x000000000800a598       0x36 ./Drivers/STM32WBxx_HAL_Driver/Src/stm32wbxx_ll_usb.o
                0x000000000800a598                USB_DisableGlobalInt
 .text.USB_DevInit
                0x000000000800a5ce       0x3c ./Drivers/STM32WBxx_HAL_Driver/Src/stm32wbxx_ll_usb.o
                0x000000000800a5ce                USB_DevInit
 *fill*         0x000000000800a60a        0x2 
 .text.std      0x000000000800a60c       0x6c C:/ST/STM32CubeIDE_1.11.0/STM32CubeIDE/plugins/com.st.stm32cube.ide.mcu.externaltools.gnu-tools-for-stm32.11.3.rel1.win32_1.1.100.202309141235/tools/bin/../lib/gcc/arm-none-eabi/11.3.1/../../../../arm-none-eabi/lib/thumb/v7e-m+fp/hard\libc_nano.a(libc_a-findfp.o)
 .text.stdio_exit_handler
                0x000000000800a678       0x18 C:/ST/STM32CubeIDE_1.11.0/STM32CubeIDE/plugins/com.st.stm32cube.ide.mcu.externaltools.gnu-tools-for-stm32.11.3.rel1.win32_1.1.100.202309141235/tools/bin/../lib/gcc/arm-none-eabi/11.3.1/../../../../arm-none-eabi/lib/thumb/v7e-m+fp/hard\libc_nano.a(libc_a-findfp.o)
 .text.cleanup_stdio
                0x000000000800a690       0x40 C:/ST/STM32CubeIDE_1.11.0/STM32CubeIDE/plugins/com.st.stm32cube.ide.mcu.externaltools.gnu-tools-for-stm32.11.3.rel1.win32_1.1.100.202309141235/tools/bin/../lib/gcc/arm-none-eabi/11.3.1/../../../../arm-none-eabi/lib/thumb/v7e-m+fp/hard\libc_nano.a(libc_a-findfp.o)
 .text.global_stdio_init.part.0
                0x000000000800a6d0       0x3c C:/ST/STM32CubeIDE_1.11.0/STM32CubeIDE/plugins/com.st.stm32cube.ide.mcu.externaltools.gnu-tools-for-stm32.11.3.rel1.win32_1.1.100.202309141235/tools/bin/../lib/gcc/arm-none-eabi/11.3.1/../../../../arm-none-eabi/lib/thumb/v7e-m+fp/hard\libc_nano.a(libc_a-findfp.o)
 .text.__sfp_lock_acquire
                0x000000000800a70c        0xc C:/ST/STM32CubeIDE_1.11.0/STM32CubeIDE/plugins/com.st.stm32cube.ide.mcu.externaltools.gnu-tools-for-stm32.11.3.rel1.win32_1.1.100.202309141235/tools/bin/../lib/gcc/arm-none-eabi/11.3.1/../../../../arm-none-eabi/lib/thumb/v7e-m+fp/hard\libc_nano.a(libc_a-findfp.o)
                0x000000000800a70c                __sfp_lock_acquire
 .text.__sfp_lock_release
                0x000000000800a718        0xc C:/ST/STM32CubeIDE_1.11.0/STM32CubeIDE/plugins/com.st.stm32cube.ide.mcu.externaltools.gnu-tools-for-stm32.11.3.rel1.win32_1.1.100.202309141235/tools/bin/../lib/gcc/arm-none-eabi/11.3.1/../../../../arm-none-eabi/lib/thumb/v7e-m+fp/hard\libc_nano.a(libc_a-findfp.o)
                0x000000000800a718                __sfp_lock_release
 .text.__sinit  0x000000000800a724       0x30 C:/ST/STM32CubeIDE_1.11.0/STM32CubeIDE/plugins/com.st.stm32cube.ide.mcu.externaltools.gnu-tools-for-stm32.11.3.rel1.win32_1.1.100.202309141235/tools/bin/../lib/gcc/arm-none-eabi/11.3.1/../../../../arm-none-eabi/lib/thumb/v7e-m+fp/hard\libc_nano.a(libc_a-findfp.o)
                0x000000000800a724                __sinit
 .text._fwalk_sglue
                0x000000000800a754       0x3c C:/ST/STM32CubeIDE_1.11.0/STM32CubeIDE/plugins/com.st.stm32cube.ide.mcu.externaltools.gnu-tools-for-stm32.11.3.rel1.win32_1.1.100.202309141235/tools/bin/../lib/gcc/arm-none-eabi/11.3.1/../../../../arm-none-eabi/lib/thumb/v7e-m+fp/hard\libc_nano.a(libc_a-fwalk.o)
                0x000000000800a754                _fwalk_sglue
 .text.printf   0x000000000800a790       0x24 C:/ST/STM32CubeIDE_1.11.0/STM32CubeIDE/plugins/com.st.stm32cube.ide.mcu.externaltools.gnu-tools-for-stm32.11.3.rel1.win32_1.1.100.202309141235/tools/bin/../lib/gcc/arm-none-eabi/11.3.1/../../../../arm-none-eabi/lib/thumb/v7e-m+fp/hard\libc_nano.a(libc_a-printf.o)
                0x000000000800a790                iprintf
                0x000000000800a790                printf
 .text._puts_r  0x000000000800a7b4       0xa8 C:/ST/STM32CubeIDE_1.11.0/STM32CubeIDE/plugins/com.st.stm32cube.ide.mcu.externaltools.gnu-tools-for-stm32.11.3.rel1.win32_1.1.100.202309141235/tools/bin/../lib/gcc/arm-none-eabi/11.3.1/../../../../arm-none-eabi/lib/thumb/v7e-m+fp/hard\libc_nano.a(libc_a-puts.o)
                0x000000000800a7b4                _puts_r
 .text.puts     0x000000000800a85c       0x10 C:/ST/STM32CubeIDE_1.11.0/STM32CubeIDE/plugins/com.st.stm32cube.ide.mcu.externaltools.gnu-tools-for-stm32.11.3.rel1.win32_1.1.100.202309141235/tools/bin/../lib/gcc/arm-none-eabi/11.3.1/../../../../arm-none-eabi/lib/thumb/v7e-m+fp/hard\libc_nano.a(libc_a-puts.o)
                0x000000000800a85c                puts
 .text.__sread  0x000000000800a86c       0x22 C:/ST/STM32CubeIDE_1.11.0/STM32CubeIDE/plugins/com.st.stm32cube.ide.mcu.externaltools.gnu-tools-for-stm32.11.3.rel1.win32_1.1.100.202309141235/tools/bin/../lib/gcc/arm-none-eabi/11.3.1/../../../../arm-none-eabi/lib/thumb/v7e-m+fp/hard\libc_nano.a(libc_a-stdio.o)
                0x000000000800a86c                __sread
 .text.__swrite
                0x000000000800a88e       0x38 C:/ST/STM32CubeIDE_1.11.0/STM32CubeIDE/plugins/com.st.stm32cube.ide.mcu.externaltools.gnu-tools-for-stm32.11.3.rel1.win32_1.1.100.202309141235/tools/bin/../lib/gcc/arm-none-eabi/11.3.1/../../../../arm-none-eabi/lib/thumb/v7e-m+fp/hard\libc_nano.a(libc_a-stdio.o)
                0x000000000800a88e                __swrite
 .text.__sseek  0x000000000800a8c6       0x24 C:/ST/STM32CubeIDE_1.11.0/STM32CubeIDE/plugins/com.st.stm32cube.ide.mcu.externaltools.gnu-tools-for-stm32.11.3.rel1.win32_1.1.100.202309141235/tools/bin/../lib/gcc/arm-none-eabi/11.3.1/../../../../arm-none-eabi/lib/thumb/v7e-m+fp/hard\libc_nano.a(libc_a-stdio.o)
                0x000000000800a8c6                __sseek
 .text.__sclose
                0x000000000800a8ea        0x8 C:/ST/STM32CubeIDE_1.11.0/STM32CubeIDE/plugins/com.st.stm32cube.ide.mcu.externaltools.gnu-tools-for-stm32.11.3.rel1.win32_1.1.100.202309141235/tools/bin/../lib/gcc/arm-none-eabi/11.3.1/../../../../arm-none-eabi/lib/thumb/v7e-m+fp/hard\libc_nano.a(libc_a-stdio.o)
                0x000000000800a8ea                __sclose
 .text.__swbuf_r
                0x000000000800a8f2       0x7a C:/ST/STM32CubeIDE_1.11.0/STM32CubeIDE/plugins/com.st.stm32cube.ide.mcu.externaltools.gnu-tools-for-stm32.11.3.rel1.win32_1.1.100.202309141235/tools/bin/../lib/gcc/arm-none-eabi/11.3.1/../../../../arm-none-eabi/lib/thumb/v7e-m+fp/hard\libc_nano.a(libc_a-wbuf.o)
                0x000000000800a8f2                __swbuf_r
 .text.__swsetup_r
                0x000000000800a96c       0xb0 C:/ST/STM32CubeIDE_1.11.0/STM32CubeIDE/plugins/com.st.stm32cube.ide.mcu.externaltools.gnu-tools-for-stm32.11.3.rel1.win32_1.1.100.202309141235/tools/bin/../lib/gcc/arm-none-eabi/11.3.1/../../../../arm-none-eabi/lib/thumb/v7e-m+fp/hard\libc_nano.a(libc_a-wsetup.o)
                0x000000000800a96c                __swsetup_r
 .text.memset   0x000000000800aa1c       0x10 C:/ST/STM32CubeIDE_1.11.0/STM32CubeIDE/plugins/com.st.stm32cube.ide.mcu.externaltools.gnu-tools-for-stm32.11.3.rel1.win32_1.1.100.202309141235/tools/bin/../lib/gcc/arm-none-eabi/11.3.1/../../../../arm-none-eabi/lib/thumb/v7e-m+fp/hard\libc_nano.a(libc_a-memset.o)
                0x000000000800aa1c                memset
 .text._close_r
                0x000000000800aa2c       0x20 C:/ST/STM32CubeIDE_1.11.0/STM32CubeIDE/plugins/com.st.stm32cube.ide.mcu.externaltools.gnu-tools-for-stm32.11.3.rel1.win32_1.1.100.202309141235/tools/bin/../lib/gcc/arm-none-eabi/11.3.1/../../../../arm-none-eabi/lib/thumb/v7e-m+fp/hard\libc_nano.a(libc_a-closer.o)
                0x000000000800aa2c                _close_r
 .text._lseek_r
                0x000000000800aa4c       0x24 C:/ST/STM32CubeIDE_1.11.0/STM32CubeIDE/plugins/com.st.stm32cube.ide.mcu.externaltools.gnu-tools-for-stm32.11.3.rel1.win32_1.1.100.202309141235/tools/bin/../lib/gcc/arm-none-eabi/11.3.1/../../../../arm-none-eabi/lib/thumb/v7e-m+fp/hard\libc_nano.a(libc_a-lseekr.o)
                0x000000000800aa4c                _lseek_r
 .text._read_r  0x000000000800aa70       0x24 C:/ST/STM32CubeIDE_1.11.0/STM32CubeIDE/plugins/com.st.stm32cube.ide.mcu.externaltools.gnu-tools-for-stm32.11.3.rel1.win32_1.1.100.202309141235/tools/bin/../lib/gcc/arm-none-eabi/11.3.1/../../../../arm-none-eabi/lib/thumb/v7e-m+fp/hard\libc_nano.a(libc_a-readr.o)
                0x000000000800aa70                _read_r
 .text._write_r
                0x000000000800aa94       0x24 C:/ST/STM32CubeIDE_1.11.0/STM32CubeIDE/plugins/com.st.stm32cube.ide.mcu.externaltools.gnu-tools-for-stm32.11.3.rel1.win32_1.1.100.202309141235/tools/bin/../lib/gcc/arm-none-eabi/11.3.1/../../../../arm-none-eabi/lib/thumb/v7e-m+fp/hard\libc_nano.a(libc_a-writer.o)
                0x000000000800aa94                _write_r
 .text.__errno  0x000000000800aab8        0xc C:/ST/STM32CubeIDE_1.11.0/STM32CubeIDE/plugins/com.st.stm32cube.ide.mcu.externaltools.gnu-tools-for-stm32.11.3.rel1.win32_1.1.100.202309141235/tools/bin/../lib/gcc/arm-none-eabi/11.3.1/../../../../arm-none-eabi/lib/thumb/v7e-m+fp/hard\libc_nano.a(libc_a-errno.o)
                0x000000000800aab8                __errno
 .text.__libc_init_array
                0x000000000800aac4       0x48 C:/ST/STM32CubeIDE_1.11.0/STM32CubeIDE/plugins/com.st.stm32cube.ide.mcu.externaltools.gnu-tools-for-stm32.11.3.rel1.win32_1.1.100.202309141235/tools/bin/../lib/gcc/arm-none-eabi/11.3.1/../../../../arm-none-eabi/lib/thumb/v7e-m+fp/hard\libc_nano.a(libc_a-init.o)
                0x000000000800aac4                __libc_init_array
 .text.__retarget_lock_init_recursive
                0x000000000800ab0c        0x2 C:/ST/STM32CubeIDE_1.11.0/STM32CubeIDE/plugins/com.st.stm32cube.ide.mcu.externaltools.gnu-tools-for-stm32.11.3.rel1.win32_1.1.100.202309141235/tools/bin/../lib/gcc/arm-none-eabi/11.3.1/../../../../arm-none-eabi/lib/thumb/v7e-m+fp/hard\libc_nano.a(libc_a-lock.o)
                0x000000000800ab0c                __retarget_lock_init_recursive
 .text.__retarget_lock_acquire_recursive
                0x000000000800ab0e        0x2 C:/ST/STM32CubeIDE_1.11.0/STM32CubeIDE/plugins/com.st.stm32cube.ide.mcu.externaltools.gnu-tools-for-stm32.11.3.rel1.win32_1.1.100.202309141235/tools/bin/../lib/gcc/arm-none-eabi/11.3.1/../../../../arm-none-eabi/lib/thumb/v7e-m+fp/hard\libc_nano.a(libc_a-lock.o)
                0x000000000800ab0e                __retarget_lock_acquire_recursive
 .text.__retarget_lock_release_recursive
                0x000000000800ab10        0x2 C:/ST/STM32CubeIDE_1.11.0/STM32CubeIDE/plugins/com.st.stm32cube.ide.mcu.externaltools.gnu-tools-for-stm32.11.3.rel1.win32_1.1.100.202309141235/tools/bin/../lib/gcc/arm-none-eabi/11.3.1/../../../../arm-none-eabi/lib/thumb/v7e-m+fp/hard\libc_nano.a(libc_a-lock.o)
                0x000000000800ab10                __retarget_lock_release_recursive
 *fill*         0x000000000800ab12        0x2 
 .text._free_r  0x000000000800ab14       0x98 C:/ST/STM32CubeIDE_1.11.0/STM32CubeIDE/plugins/com.st.stm32cube.ide.mcu.externaltools.gnu-tools-for-stm32.11.3.rel1.win32_1.1.100.202309141235/tools/bin/../lib/gcc/arm-none-eabi/11.3.1/../../../../arm-none-eabi/lib/thumb/v7e-m+fp/hard\libc_nano.a(libc_a-freer.o)
                0x000000000800ab14                _free_r
 .text.sbrk_aligned
                0x000000000800abac       0x40 C:/ST/STM32CubeIDE_1.11.0/STM32CubeIDE/plugins/com.st.stm32cube.ide.mcu.externaltools.gnu-tools-for-stm32.11.3.rel1.win32_1.1.100.202309141235/tools/bin/../lib/gcc/arm-none-eabi/11.3.1/../../../../arm-none-eabi/lib/thumb/v7e-m+fp/hard\libc_nano.a(libc_a-mallocr.o)
 .text._malloc_r
                0x000000000800abec      0x100 C:/ST/STM32CubeIDE_1.11.0/STM32CubeIDE/plugins/com.st.stm32cube.ide.mcu.externaltools.gnu-tools-for-stm32.11.3.rel1.win32_1.1.100.202309141235/tools/bin/../lib/gcc/arm-none-eabi/11.3.1/../../../../arm-none-eabi/lib/thumb/v7e-m+fp/hard\libc_nano.a(libc_a-mallocr.o)
                0x000000000800abec                _malloc_r
 .text.__malloc_lock
                0x000000000800acec        0xc C:/ST/STM32CubeIDE_1.11.0/STM32CubeIDE/plugins/com.st.stm32cube.ide.mcu.externaltools.gnu-tools-for-stm32.11.3.rel1.win32_1.1.100.202309141235/tools/bin/../lib/gcc/arm-none-eabi/11.3.1/../../../../arm-none-eabi/lib/thumb/v7e-m+fp/hard\libc_nano.a(libc_a-mlock.o)
                0x000000000800acec                __malloc_lock
 .text.__malloc_unlock
                0x000000000800acf8        0xc C:/ST/STM32CubeIDE_1.11.0/STM32CubeIDE/plugins/com.st.stm32cube.ide.mcu.externaltools.gnu-tools-for-stm32.11.3.rel1.win32_1.1.100.202309141235/tools/bin/../lib/gcc/arm-none-eabi/11.3.1/../../../../arm-none-eabi/lib/thumb/v7e-m+fp/hard\libc_nano.a(libc_a-mlock.o)
                0x000000000800acf8                __malloc_unlock
 .text.__sfputc_r
                0x000000000800ad04       0x2e C:/ST/STM32CubeIDE_1.11.0/STM32CubeIDE/plugins/com.st.stm32cube.ide.mcu.externaltools.gnu-tools-for-stm32.11.3.rel1.win32_1.1.100.202309141235/tools/bin/../lib/gcc/arm-none-eabi/11.3.1/../../../../arm-none-eabi/lib/thumb/v7e-m+fp/hard\libc_nano.a(libc_a-nano-vfprintf.o)
 .text.__sfputs_r
                0x000000000800ad32       0x24 C:/ST/STM32CubeIDE_1.11.0/STM32CubeIDE/plugins/com.st.stm32cube.ide.mcu.externaltools.gnu-tools-for-stm32.11.3.rel1.win32_1.1.100.202309141235/tools/bin/../lib/gcc/arm-none-eabi/11.3.1/../../../../arm-none-eabi/lib/thumb/v7e-m+fp/hard\libc_nano.a(libc_a-nano-vfprintf.o)
                0x000000000800ad32                __sfputs_r
 *fill*         0x000000000800ad56        0x2 
 .text._vfprintf_r
                0x000000000800ad58      0x234 C:/ST/STM32CubeIDE_1.11.0/STM32CubeIDE/plugins/com.st.stm32cube.ide.mcu.externaltools.gnu-tools-for-stm32.11.3.rel1.win32_1.1.100.202309141235/tools/bin/../lib/gcc/arm-none-eabi/11.3.1/../../../../arm-none-eabi/lib/thumb/v7e-m+fp/hard\libc_nano.a(libc_a-nano-vfprintf.o)
                0x000000000800ad58                _vfprintf_r
                0x000000000800ad58                _vfiprintf_r
 .text._printf_common
                0x000000000800af8c       0xda C:/ST/STM32CubeIDE_1.11.0/STM32CubeIDE/plugins/com.st.stm32cube.ide.mcu.externaltools.gnu-tools-for-stm32.11.3.rel1.win32_1.1.100.202309141235/tools/bin/../lib/gcc/arm-none-eabi/11.3.1/../../../../arm-none-eabi/lib/thumb/v7e-m+fp/hard\libc_nano.a(libc_a-nano-vfprintf_i.o)
                0x000000000800af8c                _printf_common
 *fill*         0x000000000800b066        0x2 
 .text._printf_i
                0x000000000800b068      0x244 C:/ST/STM32CubeIDE_1.11.0/STM32CubeIDE/plugins/com.st.stm32cube.ide.mcu.externaltools.gnu-tools-for-stm32.11.3.rel1.win32_1.1.100.202309141235/tools/bin/../lib/gcc/arm-none-eabi/11.3.1/../../../../arm-none-eabi/lib/thumb/v7e-m+fp/hard\libc_nano.a(libc_a-nano-vfprintf_i.o)
                0x000000000800b068                _printf_i
 .text.__sflush_r
                0x000000000800b2ac      0x10c C:/ST/STM32CubeIDE_1.11.0/STM32CubeIDE/plugins/com.st.stm32cube.ide.mcu.externaltools.gnu-tools-for-stm32.11.3.rel1.win32_1.1.100.202309141235/tools/bin/../lib/gcc/arm-none-eabi/11.3.1/../../../../arm-none-eabi/lib/thumb/v7e-m+fp/hard\libc_nano.a(libc_a-fflush.o)
                0x000000000800b2ac                __sflush_r
 .text._fflush_r
                0x000000000800b3b8       0x50 C:/ST/STM32CubeIDE_1.11.0/STM32CubeIDE/plugins/com.st.stm32cube.ide.mcu.externaltools.gnu-tools-for-stm32.11.3.rel1.win32_1.1.100.202309141235/tools/bin/../lib/gcc/arm-none-eabi/11.3.1/../../../../arm-none-eabi/lib/thumb/v7e-m+fp/hard\libc_nano.a(libc_a-fflush.o)
                0x000000000800b3b8                _fflush_r
 .text.__swhatbuf_r
                0x000000000800b408       0x4c C:/ST/STM32CubeIDE_1.11.0/STM32CubeIDE/plugins/com.st.stm32cube.ide.mcu.externaltools.gnu-tools-for-stm32.11.3.rel1.win32_1.1.100.202309141235/tools/bin/../lib/gcc/arm-none-eabi/11.3.1/../../../../arm-none-eabi/lib/thumb/v7e-m+fp/hard\libc_nano.a(libc_a-makebuf.o)
                0x000000000800b408                __swhatbuf_r
 .text.__smakebuf_r
                0x000000000800b454       0x78 C:/ST/STM32CubeIDE_1.11.0/STM32CubeIDE/plugins/com.st.stm32cube.ide.mcu.externaltools.gnu-tools-for-stm32.11.3.rel1.win32_1.1.100.202309141235/tools/bin/../lib/gcc/arm-none-eabi/11.3.1/../../../../arm-none-eabi/lib/thumb/v7e-m+fp/hard\libc_nano.a(libc_a-makebuf.o)
                0x000000000800b454                __smakebuf_r
 .text._fstat_r
                0x000000000800b4cc       0x24 C:/ST/STM32CubeIDE_1.11.0/STM32CubeIDE/plugins/com.st.stm32cube.ide.mcu.externaltools.gnu-tools-for-stm32.11.3.rel1.win32_1.1.100.202309141235/tools/bin/../lib/gcc/arm-none-eabi/11.3.1/../../../../arm-none-eabi/lib/thumb/v7e-m+fp/hard\libc_nano.a(libc_a-fstatr.o)
                0x000000000800b4cc                _fstat_r
 .text._isatty_r
                0x000000000800b4f0       0x20 C:/ST/STM32CubeIDE_1.11.0/STM32CubeIDE/plugins/com.st.stm32cube.ide.mcu.externaltools.gnu-tools-for-stm32.11.3.rel1.win32_1.1.100.202309141235/tools/bin/../lib/gcc/arm-none-eabi/11.3.1/../../../../arm-none-eabi/lib/thumb/v7e-m+fp/hard\libc_nano.a(libc_a-isattyr.o)
                0x000000000800b4f0                _isatty_r
 .text._sbrk_r  0x000000000800b510       0x20 C:/ST/STM32CubeIDE_1.11.0/STM32CubeIDE/plugins/com.st.stm32cube.ide.mcu.externaltools.gnu-tools-for-stm32.11.3.rel1.win32_1.1.100.202309141235/tools/bin/../lib/gcc/arm-none-eabi/11.3.1/../../../../arm-none-eabi/lib/thumb/v7e-m+fp/hard\libc_nano.a(libc_a-sbrkr.o)
                0x000000000800b510                _sbrk_r
 .text.fmax     0x000000000800b530       0x4e C:/ST/STM32CubeIDE_1.11.0/STM32CubeIDE/plugins/com.st.stm32cube.ide.mcu.externaltools.gnu-tools-for-stm32.11.3.rel1.win32_1.1.100.202309141235/tools/bin/../lib/gcc/arm-none-eabi/11.3.1/../../../../arm-none-eabi/lib/thumb/v7e-m+fp/hard\libm.a(libm_a-s_fmax.o)
                0x000000000800b530                fmax
 .text.fmin     0x000000000800b57e       0x4e C:/ST/STM32CubeIDE_1.11.0/STM32CubeIDE/plugins/com.st.stm32cube.ide.mcu.externaltools.gnu-tools-for-stm32.11.3.rel1.win32_1.1.100.202309141235/tools/bin/../lib/gcc/arm-none-eabi/11.3.1/../../../../arm-none-eabi/lib/thumb/v7e-m+fp/hard\libm.a(libm_a-s_fmin.o)
                0x000000000800b57e                fmin
 .text.__fpclassifyd
                0x000000000800b5cc       0x54 C:/ST/STM32CubeIDE_1.11.0/STM32CubeIDE/plugins/com.st.stm32cube.ide.mcu.externaltools.gnu-tools-for-stm32.11.3.rel1.win32_1.1.100.202309141235/tools/bin/../lib/gcc/arm-none-eabi/11.3.1/../../../../arm-none-eabi/lib/thumb/v7e-m+fp/hard\libm.a(libm_a-s_fpclassify.o)
                0x000000000800b5cc                __fpclassifyd
 *(.glue_7)
 .glue_7        0x000000000800b620        0x0 linker stubs
 *(.glue_7t)
 .glue_7t       0x000000000800b620        0x0 linker stubs
 *(.eh_frame)
 .eh_frame      0x000000000800b620        0x0 C:/ST/STM32CubeIDE_1.11.0/STM32CubeIDE/plugins/com.st.stm32cube.ide.mcu.externaltools.gnu-tools-for-stm32.11.3.rel1.win32_1.1.100.202309141235/tools/bin/../lib/gcc/arm-none-eabi/11.3.1/thumb/v7e-m+fp/hard/crtbegin.o
 *(.init)
 .init          0x000000000800b620        0x4 C:/ST/STM32CubeIDE_1.11.0/STM32CubeIDE/plugins/com.st.stm32cube.ide.mcu.externaltools.gnu-tools-for-stm32.11.3.rel1.win32_1.1.100.202309141235/tools/bin/../lib/gcc/arm-none-eabi/11.3.1/thumb/v7e-m+fp/hard/crti.o
                0x000000000800b620                _init
 .init          0x000000000800b624        0x8 C:/ST/STM32CubeIDE_1.11.0/STM32CubeIDE/plugins/com.st.stm32cube.ide.mcu.externaltools.gnu-tools-for-stm32.11.3.rel1.win32_1.1.100.202309141235/tools/bin/../lib/gcc/arm-none-eabi/11.3.1/thumb/v7e-m+fp/hard/crtn.o
 *(.fini)
 .fini          0x000000000800b62c        0x4 C:/ST/STM32CubeIDE_1.11.0/STM32CubeIDE/plugins/com.st.stm32cube.ide.mcu.externaltools.gnu-tools-for-stm32.11.3.rel1.win32_1.1.100.202309141235/tools/bin/../lib/gcc/arm-none-eabi/11.3.1/thumb/v7e-m+fp/hard/crti.o
                0x000000000800b62c                _fini
 .fini          0x000000000800b630        0x8 C:/ST/STM32CubeIDE_1.11.0/STM32CubeIDE/plugins/com.st.stm32cube.ide.mcu.externaltools.gnu-tools-for-stm32.11.3.rel1.win32_1.1.100.202309141235/tools/bin/../lib/gcc/arm-none-eabi/11.3.1/thumb/v7e-m+fp/hard/crtn.o
                0x000000000800b638                . = ALIGN (0x4)
                0x000000000800b638                _etext = .

.vfp11_veneer   0x000000000800b638        0x0
 .vfp11_veneer  0x000000000800b638        0x0 linker stubs

.v4_bx          0x000000000800b638        0x0
 .v4_bx         0x000000000800b638        0x0 linker stubs

.iplt           0x000000000800b638        0x0
 .iplt          0x000000000800b638        0x0 C:/ST/STM32CubeIDE_1.11.0/STM32CubeIDE/plugins/com.st.stm32cube.ide.mcu.externaltools.gnu-tools-for-stm32.11.3.rel1.win32_1.1.100.202309141235/tools/bin/../lib/gcc/arm-none-eabi/11.3.1/thumb/v7e-m+fp/hard/crtbegin.o

.rodata         0x000000000800b638      0x2e4
                0x000000000800b638                . = ALIGN (0x4)
 *(.rodata)
 .rodata        0x000000000800b638      0x1bc ./Core/Src/Gestion.o
 .rodata        0x000000000800b7f4       0x2c ./Drivers/STM32WBxx_HAL_Driver/Src/stm32wbxx_hal_rcc.o
 *(.rodata*)
 .rodata.AHBPrescTable
                0x000000000800b820       0x40 ./Core/Src/system_stm32wbxx.o
                0x000000000800b820                AHBPrescTable
 .rodata.APBPrescTable
                0x000000000800b860       0x20 ./Core/Src/system_stm32wbxx.o
                0x000000000800b860                APBPrescTable
 .rodata.MSIRangeTable
                0x000000000800b880       0x40 ./Core/Src/system_stm32wbxx.o
                0x000000000800b880                MSIRangeTable
 .rodata.UARTPrescTable
                0x000000000800b8c0       0x18 ./Drivers/STM32WBxx_HAL_Driver/Src/stm32wbxx_hal_uart.o
                0x000000000800b8c0                UARTPrescTable
 .rodata.numerator.1
                0x000000000800b8d8        0x8 ./Drivers/STM32WBxx_HAL_Driver/Src/stm32wbxx_hal_uart_ex.o
 .rodata.denominator.0
                0x000000000800b8e0        0x8 ./Drivers/STM32WBxx_HAL_Driver/Src/stm32wbxx_hal_uart_ex.o
 .rodata._vfprintf_r.str1.1
                0x000000000800b8e8       0x11 C:/ST/STM32CubeIDE_1.11.0/STM32CubeIDE/plugins/com.st.stm32cube.ide.mcu.externaltools.gnu-tools-for-stm32.11.3.rel1.win32_1.1.100.202309141235/tools/bin/../lib/gcc/arm-none-eabi/11.3.1/../../../../arm-none-eabi/lib/thumb/v7e-m+fp/hard\libc_nano.a(libc_a-nano-vfprintf.o)
 .rodata._printf_i.str1.1
                0x000000000800b8f9       0x22 C:/ST/STM32CubeIDE_1.11.0/STM32CubeIDE/plugins/com.st.stm32cube.ide.mcu.externaltools.gnu-tools-for-stm32.11.3.rel1.win32_1.1.100.202309141235/tools/bin/../lib/gcc/arm-none-eabi/11.3.1/../../../../arm-none-eabi/lib/thumb/v7e-m+fp/hard\libc_nano.a(libc_a-nano-vfprintf_i.o)
                0x000000000800b91c                . = ALIGN (0x4)
 *fill*         0x000000000800b91b        0x1 

.ARM.extab
 *(.ARM.extab* .gnu.linkonce.armextab.*)

.ARM            0x000000000800b91c        0x8
                0x000000000800b91c                __exidx_start = .
 *(.ARM.exidx*)
 .ARM.exidx     0x000000000800b91c        0x8 C:/ST/STM32CubeIDE_1.11.0/STM32CubeIDE/plugins/com.st.stm32cube.ide.mcu.externaltools.gnu-tools-for-stm32.11.3.rel1.win32_1.1.100.202309141235/tools/bin/../lib/gcc/arm-none-eabi/11.3.1/thumb/v7e-m+fp/hard\libgcc.a(_udivmoddi4.o)
                0x000000000800b924                __exidx_end = .

.rel.dyn        0x000000000800b924        0x0
 .rel.iplt      0x000000000800b924        0x0 C:/ST/STM32CubeIDE_1.11.0/STM32CubeIDE/plugins/com.st.stm32cube.ide.mcu.externaltools.gnu-tools-for-stm32.11.3.rel1.win32_1.1.100.202309141235/tools/bin/../lib/gcc/arm-none-eabi/11.3.1/thumb/v7e-m+fp/hard/crtbegin.o

.preinit_array  0x000000000800b924        0x0
                0x000000000800b924                PROVIDE (__preinit_array_start = .)
 *(.preinit_array*)
                0x000000000800b924                PROVIDE (__preinit_array_end = .)

.init_array     0x000000000800b924        0x4
                0x000000000800b924                PROVIDE (__init_array_start = .)
 *(SORT_BY_NAME(.init_array.*))
 *(.init_array*)
 .init_array    0x000000000800b924        0x4 C:/ST/STM32CubeIDE_1.11.0/STM32CubeIDE/plugins/com.st.stm32cube.ide.mcu.externaltools.gnu-tools-for-stm32.11.3.rel1.win32_1.1.100.202309141235/tools/bin/../lib/gcc/arm-none-eabi/11.3.1/thumb/v7e-m+fp/hard/crtbegin.o
                0x000000000800b928                PROVIDE (__init_array_end = .)

.fini_array     0x000000000800b928        0x4
                [!provide]                        PROVIDE (__fini_array_start = .)
 *(SORT_BY_NAME(.fini_array.*))
 *(.fini_array*)
 .fini_array    0x000000000800b928        0x4 C:/ST/STM32CubeIDE_1.11.0/STM32CubeIDE/plugins/com.st.stm32cube.ide.mcu.externaltools.gnu-tools-for-stm32.11.3.rel1.win32_1.1.100.202309141235/tools/bin/../lib/gcc/arm-none-eabi/11.3.1/thumb/v7e-m+fp/hard/crtbegin.o
                [!provide]                        PROVIDE (__fini_array_end = .)
                0x000000000800b92c                _sidata = LOADADDR (.data)

.data           0x0000000020000008      0x13c load address 0x000000000800b92c
                0x0000000020000008                . = ALIGN (0x4)
                0x0000000020000008                _sdata = .
 *(.data)