../Drivers/CMSIS/Include/core_cm4.h:2059:26:ITM_SendChar	16	static,ignoring_inline_asm
../Core/Src/Gestion.c:35:5:_write2	32	static
../Core/Src/Gestion.c:43:6:MX_MEMS_Init	8	static
../Core/Src/Gestion.c:55:6:MX_MEMS_Process	40	static
../Core/Src/Gestion.c:96:6:Init_Sensors	8	static
../Core/Src/Gestion.c:104:6:ReadSensorData	8	static
../Core/Src/Gestion.c:118:6:CalculateMovementAndSpeed	8	static
../Core/Src/Gestion.c:124:6:CalibrateSensors	8	static
../Core/Src/Gestion.c:129:6:CalibrateAccelerometer	40	static
../Core/Src/Gestion.c:146:6:CalibrateGyroscope	40	static
../Core/Src/Gestion.c:163:6:recordBenchRep	64	static
../Core/Src/Gestion.c:224:6:compareBenchReps	24	static
