../Drivers/CMSIS/Include/core_cm4.h:2059:26:ITM_SendChar	16	static,ignoring_inline_asm
../Core/Src/Gestion.c:36:5:_write	32	static
../Core/Src/Gestion.c:44:6:MX_MEMS_Init	8	static
../Core/Src/Gestion.c:58:6:MX_MEMS_Process	48	static
../Core/Src/Gestion.c:155:6:Init_Sensors	8	static
../Core/Src/Gestion.c:163:6:ReadSensorData	8	static
../Core/Src/Gestion.c:177:6:CalculateMovementAndSpeed	8	static
../Core/Src/Gestion.c:183:6:CalibrateSensors	8	static
../Core/Src/Gestion.c:188:6:CalibrateAccelerometer	40	static
../Core/Src/Gestion.c:205:6:CalibrateGyroscope	40	static
../Core/Src/Gestion.c:222:6:recordBenchRep	64	static
../Core/Src/Gestion.c:283:6:compareBenchReps	24	static
